#
# There is insufficient memory for the Java Runtime Environment to continue.
# Native memory allocation (mmap) failed to map 17179869184 bytes. Error detail: committing reserved memory.
# Possible reasons:
#   The system is out of physical RAM or swap space
#   This process has exceeded the maximum number of memory mappings (check below
#     for `/proc/sys/vm/max_map_count` and `Total number of mappings`)
#   This process is running with CompressedOops enabled, and the Java Heap may be blocking the growth of the native heap
# Possible solutions:
#   Reduce memory load on the system
#   Increase physical memory or swap space
#   Check if swap backing store is full
#   Decrease Java heap size (-Xmx/-Xms)
#   Decrease number of Java threads
#   Decrease Java thread stack sizes (-Xss)
#   Set larger code cache with -XX:ReservedCodeCacheSize=
#   JVM is running with Zero Based Compressed Oops mode in which the Java heap is
#     placed in the first 32GB address space. The Java Heap base address is the
#     maximum limit for the native heap growth. Please use -XX:HeapBaseMinAddress
#     to set the Java Heap base and to place the Java Heap above 32GB virtual address.
# This output file may be truncated or incomplete.
#
#  Out of Memory Error (os_linux.cpp:2925), pid=9694, tid=9695
#
# JRE version:  (25.0.1+8) (build )
# Java VM: OpenJDK 64-Bit Server VM (25.0.1+8-LTS, mixed mode, sharing, tiered, compressed oops, compressed class ptrs, g1 gc, linux-amd64)
# Core dump will be written. Default location: Core dumps may be processed with "/usr/share/apport/apport -p%p -s%s -c%c -d%d -P%P -u%u -g%g -F%F -- %E" (or dumping to /workspaces/Kutya-Minecraft/core.9694)
#

---------------  S U M M A R Y ------------

Command Line: -Xms16G -Xmx16G server.jar nogui

Host: AMD EPYC 7763 64-Core Processor, 4 cores, 15G, Ubuntu 24.04.3 LTS
Time: Mon Apr 13 15:17:19 2026 UTC elapsed time: 0.004723 seconds (0d 0h 0m 0s)

---------------  T H R E A D  ---------------

Current thread (0x00007eaef8029ff0):  JavaThread "Unknown thread" [_thread_in_vm, id=9695, stack(0x00007eaefe6eb000,0x00007eaefe7eb000) (1024K)]

Stack: [0x00007eaefe6eb000,0x00007eaefe7eb000],  sp=0x00007eaefe7e7430,  free space=1009k
Native frames: (J=compiled Java code, j=interpreted, Vv=VM code, C=native code)
V  [libjvm.so+0x1195354]  VMError::report(outputStream*, bool)+0x2d04  (os_linux.cpp:2925)
V  [libjvm.so+0x119771e]  VMError::report_and_die(int, char const*, char const*, __va_list_tag*, Thread*, unsigned char*, void const*, void const*, char const*, int, unsigned long)+0x2be
V  [libjvm.so+0x11982cd]
V  [libjvm.so+0x777d2f]
V  [libjvm.so+0xe22308]  os::Linux::commit_memory_impl(char*, unsigned long, bool) [clone .part.0]+0xe8
V  [libjvm.so+0xe22892]  os::pd_commit_memory_or_exit(char*, unsigned long, unsigned long, bool, char const*)+0x82
V  [libjvm.so+0xe15abd]  os::commit_memory_or_exit(char*, unsigned long, unsigned long, bool, char const*)+0x1d
V  [libjvm.so+0x90488b]  G1PageBasedVirtualSpace::commit(unsigned long, unsigned long)+0xfb
V  [libjvm.so+0x91a87f]  G1RegionsLargerThanCommitSizeMapper::commit_regions(unsigned int, unsigned long, WorkerThreads*)+0x9f
V  [libjvm.so+0x8edf25]  G1HeapRegionManager::commit_regions(unsigned int, unsigned long, WorkerThreads*)+0x55
V  [libjvm.so+0x8efb1b]  G1HeapRegionManager::expand(unsigned int, unsigned int, WorkerThreads*)+0x2b
V  [libjvm.so+0x8efd3e]  G1HeapRegionManager::expand_by(unsigned int, WorkerThreads*)+0x7e
V  [libjvm.so+0x8a2f36]  G1CollectedHeap::expand(unsigned long, WorkerThreads*, double*)+0xb6
V  [libjvm.so+0x8a4f3e]  G1CollectedHeap::initialize()+0x58e
V  [libjvm.so+0x1138edb]  universe_init()+0xeb
V  [libjvm.so+0x9be111]  init_globals()+0x61
V  [libjvm.so+0x1112118]  Threads::create_vm(JavaVMInitArgs*, bool*)+0x2e8
V  [libjvm.so+0xaa9d5f]  JNI_CreateJavaVM+0x4f
C  [libjli.so+0x3bbb]  JavaMain+0x8b
C  [libjli.so+0x7b49]  ThreadJavaMain+0x9
C  [libc.so.6+0x9caa4]
Lock stack of current Java thread (top to bottom):


---------------  P R O C E S S  ---------------

Threads class SMR info:
_java_thread_list=0x00007eaf00001820, length=0, elements={
}

Java Threads: ( => current thread )
Total: 0

Other Threads:
  0x00007eaef80569f0 WorkerThread "GC Thread#0"                     [id=9696, stack(0x00007eaefdeb4000,0x00007eaefdfb4000) (1024K)]
  0x00007eaef8070270 ConcurrentGCThread "G1 Main Marker"            [id=9697, stack(0x00007eaefddb3000,0x00007eaefdeb3000) (1024K)]
  0x00007eaef8071440 WorkerThread "G1 Conc#0"                       [id=9698, stack(0x00007eaefdcb2000,0x00007eaefddb2000) (1024K)]

[error occurred during error reporting (printing all threads), id 0xb, SIGSEGV (0xb) at pc=0x00007eaeff19c06b]
VM state: not at safepoint (not fully initialized)

VM Mutex/Monitor currently owned by a thread:  ([mutex/lock_event])
[0x00007eaefffdade8] Heap_lock - owner thread: 0x00007eaef8029ff0

Heap address: 0x0000000400000000, size: 16384 MB, Compressed Oops mode: Zero based, Oop shift amount: 3

CDS archive(s) mapped at: [0x0000000000000000-0x0000000000000000-0x0000000000000000), size 0, SharedBaseAddress: 0x0000000800000000, ArchiveRelocationMode: 1.
UseCompressedClassPointers 1, UseCompactObjectHeaders 0
Narrow klass pointer bits 32, Max shift 3
Narrow klass base: 0xffffffffffffffff, Narrow klass shift: -1
Encoding Range: [0xffffffffffffffff - 0x000000007fffffff), (2147483648 bytes)
Klass Range:    [0x0000000000000000 - 0x0000000000000000), (0 bytes)
Klass ID Range:  [4294967295 - 0) (1)
No protection zone.

GC Precious Log:
 CardTable entry size: 512
 Card Set container configuration: InlinePtr #cards 4 size 8 Array Of Cards #cards 64 size 144 Howl #buckets 8 coarsen threshold 14745 Howl Bitmap #cards 2048 size 272 coarsen threshold 1843 Card regions per heap region 1 cards per card region 16384

Heap:
 garbage-first heap   total reserved 16777216K, committed 0K, used 0K [0x0000000400000000, 0x0000000800000000)
  region size 8192K, 0 young (0K), 0 survivors (0K)

Heap Regions: E=young(eden), S=young(survivor), O=old, HS=humongous(starts), HC=humongous(continues), CS=collection set, F=free, TAMS=top-at-mark-start, PB=parsable bottom

Card table byte_map: [0x00007eaedc400000,0x00007eaede400000] _byte_map_base: 0x00007eaeda400000

Marking Bits: (CMBitMap*) 0x00007eaef8057740
 Bits: [0x00007eaecc400000, 0x00007eaedc400000)

GC Heap Usage History (0 events):
No events

Metaspace Usage History (0 events):
No events

Dll operation events (1 events):
Event: 0.002 Loaded shared library /usr/local/sdkman/candidates/java/25.0.1-ms/lib/libjava.so

Deoptimization events (0 events):
No events

Classes loaded (0 events):
No events

Classes unloaded (0 events):
No events

Classes redefined (0 events):
No events

Internal exceptions (0 events):
No events

VM Operations (0 events):
No events

Memory protections (1 events):
Event: 0.001 Protecting memory [0x00007eaefe6eb000,0x00007eaefe6ef000] with protection modes 0

Nmethod flushes (0 events):
No events

Events (0 events):
No events


Dynamic libraries:
636a81186000-636a81187000 r-xp 00000000 00:2d 681077                     /usr/local/sdkman/candidates/java/25.0.1-ms/bin/java
636a81188000-636a81189000 r--p 00001000 00:2d 681077                     /usr/local/sdkman/candidates/java/25.0.1-ms/bin/java
636a81189000-636a8118a000 rw-p 00002000 00:2d 681077                     /usr/local/sdkman/candidates/java/25.0.1-ms/bin/java
636a8637a000-636a863c3000 rw-p 00000000 00:00 0                          [heap]
7eaebe000000-7eaec0021000 rw-p 00000000 00:00 0 
7eaec0021000-7eaec4000000 ---p 00000000 00:00 0 
7eaec4000000-7eaec4021000 rw-p 00000000 00:00 0 
7eaec4021000-7eaec8000000 ---p 00000000 00:00 0 
7eaec8000000-7eaec8021000 rw-p 00000000 00:00 0 
7eaec8021000-7eaecc000000 ---p 00000000 00:00 0 
7eaecc400000-7eaee0400000 ---p 00000000 00:00 0 
7eaee0400000-7eaee0670000 rwxp 00000000 00:00 0 
7eaee0670000-7eaee7937000 ---p 00000000 00:00 0 
7eaee7937000-7eaee7ba7000 rwxp 00000000 00:00 0 
7eaee7ba7000-7eaee7ec7000 ---p 00000000 00:00 0 
7eaee7ec7000-7eaee8137000 rwxp 00000000 00:00 0 
7eaee8137000-7eaeef400000 ---p 00000000 00:00 0 
7eaeef50d000-7eaef8000000 r--s 00000000 00:2d 681576                     /usr/local/sdkman/candidates/java/25.0.1-ms/lib/modules
7eaef8000000-7eaef80b4000 rw-p 00000000 00:00 0 
7eaef80b4000-7eaefc000000 ---p 00000000 00:00 0 
7eaefd3dd000-7eaefdcb1000 rw-p 00000000 00:00 0 
7eaefdcb1000-7eaefdcb2000 ---p 00000000 00:00 0 
7eaefdcb2000-7eaefddb2000 rw-p 00000000 00:00 0 
7eaefddb2000-7eaefddb3000 ---p 00000000 00:00 0 
7eaefddb3000-7eaefdeb3000 rw-p 00000000 00:00 0 
7eaefdeb3000-7eaefdeb4000 ---p 00000000 00:00 0 
7eaefdeb4000-7eaefdfb4000 rw-p 00000000 00:00 0 
7eaefdfb4000-7eaefe4c4000 rw-p 00000000 00:00 0 
7eaefe4c4000-7eaefe5aa000 ---p 00000000 00:00 0 
7eaefe5aa000-7eaefe5af000 rw-p 00000000 00:00 0 
7eaefe5af000-7eaefe5b6000 ---p 00000000 00:00 0 
7eaefe5b6000-7eaefe5bb000 rw-p 00000000 00:00 0 
7eaefe5bb000-7eaefe6a1000 ---p 00000000 00:00 0 
7eaefe6a1000-7eaefe6c1000 r-xp 00000000 00:2d 681551                     /usr/local/sdkman/candidates/java/25.0.1-ms/lib/libjava.so
7eaefe6c1000-7eaefe6c2000 r--p 0001f000 00:2d 681551                     /usr/local/sdkman/candidates/java/25.0.1-ms/lib/libjava.so
7eaefe6c2000-7eaefe6c3000 rw-p 00020000 00:2d 681551                     /usr/local/sdkman/candidates/java/25.0.1-ms/lib/libjava.so
7eaefe6c3000-7eaefe6c4000 rw-p 00000000 00:00 0 
7eaefe6c4000-7eaefe6cc000 rw-s 00000000 08:01 5767185                    /tmp/hsperfdata_codespace/9694
7eaefe6cc000-7eaefe6e7000 r-xp 00000000 00:2d 681555                     /usr/local/sdkman/candidates/java/25.0.1-ms/lib/libjimage.so
7eaefe6e7000-7eaefe6e8000 ---p 0001b000 00:2d 681555                     /usr/local/sdkman/candidates/java/25.0.1-ms/lib/libjimage.so
7eaefe6e8000-7eaefe6ea000 r--p 0001b000 00:2d 681555                     /usr/local/sdkman/candidates/java/25.0.1-ms/lib/libjimage.so
7eaefe6ea000-7eaefe6eb000 rw-p 0001d000 00:2d 681555                     /usr/local/sdkman/candidates/java/25.0.1-ms/lib/libjimage.so
7eaefe6eb000-7eaefe6ef000 ---p 00000000 00:00 0 
7eaefe6ef000-7eaefe7eb000 rw-p 00000000 00:00 0 
7eaefe7eb000-7eaefe7fb000 r--p 00000000 00:2d 394146                     /usr/lib/x86_64-linux-gnu/libm.so.6
7eaefe7fb000-7eaefe87a000 r-xp 00010000 00:2d 394146                     /usr/lib/x86_64-linux-gnu/libm.so.6
7eaefe87a000-7eaefe8d2000 r--p 0008f000 00:2d 394146                     /usr/lib/x86_64-linux-gnu/libm.so.6
7eaefe8d2000-7eaefe8d3000 r--p 000e7000 00:2d 394146                     /usr/lib/x86_64-linux-gnu/libm.so.6
7eaefe8d3000-7eaefe8d4000 rw-p 000e8000 00:2d 394146                     /usr/lib/x86_64-linux-gnu/libm.so.6
7eaefe8d4000-7eaefe8d5000 r--p 00000000 00:2d 394185                     /usr/lib/x86_64-linux-gnu/librt.so.1
7eaefe8d5000-7eaefe8d6000 r-xp 00001000 00:2d 394185                     /usr/lib/x86_64-linux-gnu/librt.so.1
7eaefe8d6000-7eaefe8d7000 r--p 00002000 00:2d 394185                     /usr/lib/x86_64-linux-gnu/librt.so.1
7eaefe8d7000-7eaefe8d8000 r--p 00002000 00:2d 394185                     /usr/lib/x86_64-linux-gnu/librt.so.1
7eaefe8d8000-7eaefe8d9000 rw-p 00003000 00:2d 394185                     /usr/lib/x86_64-linux-gnu/librt.so.1
7eaefe8d9000-7eaeffe7c000 r-xp 00000000 00:2d 681589                     /usr/local/sdkman/candidates/java/25.0.1-ms/lib/server/libjvm.so
7eaeffe7c000-7eaeffe7d000 ---p 015a3000 00:2d 681589                     /usr/local/sdkman/candidates/java/25.0.1-ms/lib/server/libjvm.so
7eaeffe7d000-7eaefff66000 r--p 015a3000 00:2d 681589                     /usr/local/sdkman/candidates/java/25.0.1-ms/lib/server/libjvm.so
7eaefff66000-7eaefff91000 rw-p 0168c000 00:2d 681589                     /usr/local/sdkman/candidates/java/25.0.1-ms/lib/server/libjvm.so
7eaefff91000-7eaf00011000 rw-p 00000000 00:00 0 
7eaf00011000-7eaf00012000 r--p 00000000 00:2d 394183                     /usr/lib/x86_64-linux-gnu/libpthread.so.0
7eaf00012000-7eaf00013000 r-xp 00001000 00:2d 394183                     /usr/lib/x86_64-linux-gnu/libpthread.so.0
7eaf00013000-7eaf00014000 r--p 00002000 00:2d 394183                     /usr/lib/x86_64-linux-gnu/libpthread.so.0
7eaf00014000-7eaf00015000 r--p 00002000 00:2d 394183                     /usr/lib/x86_64-linux-gnu/libpthread.so.0
7eaf00015000-7eaf00016000 rw-p 00003000 00:2d 394183                     /usr/lib/x86_64-linux-gnu/libpthread.so.0
7eaf00016000-7eaf00017000 r--p 00000000 00:2d 394118                     /usr/lib/x86_64-linux-gnu/libdl.so.2
7eaf00017000-7eaf00018000 r-xp 00001000 00:2d 394118                     /usr/lib/x86_64-linux-gnu/libdl.so.2
7eaf00018000-7eaf00019000 r--p 00002000 00:2d 394118                     /usr/lib/x86_64-linux-gnu/libdl.so.2
7eaf00019000-7eaf0001a000 r--p 00002000 00:2d 394118                     /usr/lib/x86_64-linux-gnu/libdl.so.2
7eaf0001a000-7eaf0001b000 rw-p 00003000 00:2d 394118                     /usr/lib/x86_64-linux-gnu/libdl.so.2
7eaf0001b000-7eaf0001d000 r--p 00000000 00:2d 394217                     /usr/lib/x86_64-linux-gnu/libz.so.1.3
7eaf0001d000-7eaf0002f000 r-xp 00002000 00:2d 394217                     /usr/lib/x86_64-linux-gnu/libz.so.1.3
7eaf0002f000-7eaf00035000 r--p 00014000 00:2d 394217                     /usr/lib/x86_64-linux-gnu/libz.so.1.3
7eaf00035000-7eaf00036000 r--p 0001a000 00:2d 394217                     /usr/lib/x86_64-linux-gnu/libz.so.1.3
7eaf00036000-7eaf00037000 rw-p 0001b000 00:2d 394217                     /usr/lib/x86_64-linux-gnu/libz.so.1.3
7eaf00037000-7eaf0005f000 r--p 00000000 00:2d 394104                     /usr/lib/x86_64-linux-gnu/libc.so.6
7eaf0005f000-7eaf001e7000 r-xp 00028000 00:2d 394104                     /usr/lib/x86_64-linux-gnu/libc.so.6
7eaf001e7000-7eaf00236000 r--p 001b0000 00:2d 394104                     /usr/lib/x86_64-linux-gnu/libc.so.6
7eaf00236000-7eaf0023a000 r--p 001fe000 00:2d 394104                     /usr/lib/x86_64-linux-gnu/libc.so.6
7eaf0023a000-7eaf0023c000 rw-p 00202000 00:2d 394104                     /usr/lib/x86_64-linux-gnu/libc.so.6
7eaf0023c000-7eaf00249000 rw-p 00000000 00:00 0 
7eaf0024e000-7eaf0024f000 ---p 00000000 00:00 0 
7eaf0024f000-7eaf00250000 r--p 00000000 00:00 0 
7eaf00250000-7eaf00251000 ---p 00000000 00:00 0 
7eaf00251000-7eaf0025f000 r-xp 00000000 00:2d 681556                     /usr/local/sdkman/candidates/java/25.0.1-ms/lib/libjli.so
7eaf0025f000-7eaf00260000 ---p 0000e000 00:2d 681556                     /usr/local/sdkman/candidates/java/25.0.1-ms/lib/libjli.so
7eaf00260000-7eaf00261000 r--p 0000e000 00:2d 681556                     /usr/local/sdkman/candidates/java/25.0.1-ms/lib/libjli.so
7eaf00261000-7eaf00262000 rw-p 0000f000 00:2d 681556                     /usr/local/sdkman/candidates/java/25.0.1-ms/lib/libjli.so
7eaf00262000-7eaf00264000 rw-p 00000000 00:00 0 
7eaf00264000-7eaf00265000 r--p 00000000 00:2d 394084                     /usr/lib/x86_64-linux-gnu/ld-linux-x86-64.so.2
7eaf00265000-7eaf00290000 r-xp 00001000 00:2d 394084                     /usr/lib/x86_64-linux-gnu/ld-linux-x86-64.so.2
7eaf00290000-7eaf0029a000 r--p 0002c000 00:2d 394084                     /usr/lib/x86_64-linux-gnu/ld-linux-x86-64.so.2
7eaf0029a000-7eaf0029c000 r--p 00036000 00:2d 394084                     /usr/lib/x86_64-linux-gnu/ld-linux-x86-64.so.2
7eaf0029c000-7eaf0029e000 rw-p 00038000 00:2d 394084                     /usr/lib/x86_64-linux-gnu/ld-linux-x86-64.so.2
7ffe9d49d000-7ffe9d4bf000 rw-p 00000000 00:00 0                          [stack]
7ffe9d516000-7ffe9d51a000 r--p 00000000 00:00 0                          [vvar]
7ffe9d51a000-7ffe9d51c000 r-xp 00000000 00:00 0                          [vdso]
ffffffffff600000-ffffffffff601000 --xp 00000000 00:00 0                  [vsyscall]
Total number of mappings: 97

JVMTI agents: none


VM Arguments:
jvm_args: -Xms16G -Xmx16G 
java_command: server.jar nogui
java_class_path (initial): server.jar
Launcher Type: SUN_STANDARD

[Global flags]
     intx CICompilerCount                          = 3                                         {product} {ergonomic}
     uint ConcGCThreads                            = 1                                         {product} {ergonomic}
     uint G1ConcRefinementThreads                  = 4                                         {product} {ergonomic}
   size_t G1HeapRegionSize                         = 8388608                                   {product} {ergonomic}
   size_t InitialHeapSize                          = 17179869184                               {product} {command line}
   size_t MarkStackSize                            = 4194304                                   {product} {ergonomic}
   size_t MarkStackSizeMax                         = 536870912                                 {product} {ergonomic}
   size_t MaxHeapSize                              = 17179869184                               {product} {command line}
   size_t MinHeapDeltaBytes                        = 8388608                                   {product} {ergonomic}
   size_t MinHeapSize                              = 17179869184                               {product} {command line}
    uintx NonNMethodCodeHeapSize                   = 5832704                                {pd product} {ergonomic}
    uintx NonProfiledCodeHeapSize                  = 122916864                              {pd product} {ergonomic}
    uintx ProfiledCodeHeapSize                     = 122908672                              {pd product} {ergonomic}
    uintx ReservedCodeCacheSize                    = 251658240                              {pd product} {ergonomic}
     bool SegmentedCodeCache                       = true                                      {product} {ergonomic}
   size_t SoftMaxHeapSize                          = 17179869184                            {manageable} {ergonomic}
     bool UseCompressedOops                        = true                           {product lp64_product} {ergonomic}
     bool UseG1GC                                  = true                                      {product} {ergonomic}

Logging:
Log output configuration:
 #0: stdout all=warning uptime,level,tags foldmultilines=false
 #1: stderr all=off uptime,level,tags foldmultilines=false

Release file:
<release file has not been read>
Environment Variables:
JAVA_HOME=/usr/local/sdkman/candidates/java/current
PATH=/usr/local/rvm/gems/ruby-3.4.7/bin:/usr/local/rvm/gems/ruby-3.4.7@global/bin:/usr/local/rvm/rubies/ruby-3.4.7/bin:/vscode/bin/linux-x64/41dd792b5e652393e7787322889ed5fdc58bd75b/bin/remote-cli:/home/codespace/.local/bin:/home/codespace/.dotnet:/home/codespace/nvm/current/bin:/home/codespace/.php/current/bin:/home/codespace/.python/current/bin:/home/codespace/java/current/bin:/home/codespace/.ruby/current/bin:/home/codespace/.local/bin:/usr/local/python/current/bin:/usr/local/py-utils/bin:/usr/local/jupyter:/usr/local/oryx:/usr/local/go/bin:/go/bin:/usr/local/sdkman/bin:/usr/local/sdkman/candidates/java/current/bin:/usr/local/sdkman/candidates/gradle/current/bin:/usr/local/sdkman/candidates/maven/current/bin:/usr/local/sdkman/candidates/ant/current/bin:/usr/local/rvm/gems/default/bin:/usr/local/rvm/gems/default@global/bin:/usr/local/rvm/rubies/default/bin:/usr/local/share/rbenv/bin:/usr/local/php/current/bin:/opt/conda/bin:/usr/local/nvs:/usr/local/share/nvm/versions/node/v24.11.1/bin:/usr/local/hugo/bin:/usr/local/sbin:/usr/local/bin:/usr/sbin:/usr/bin:/sbin:/bin:/usr/share/dotnet:/home/codespace/.dotnet/tools:/usr/local/rvm/bin
SHELL=/bin/bash
LANG=C.UTF-8
TERM=xterm-256color

Active Locale:
LC_ALL=C
LC_COLLATE=C
LC_CTYPE=C
LC_MESSAGES=C
LC_MONETARY=C
LC_NUMERIC=C
LC_TIME=C

Signal Handlers:
   SIGSEGV: crash_handler in libjvm.so, mask=11100100010111111101111111111110, flags=SA_RESTART|SA_SIGINFO, unblocked
    SIGBUS: crash_handler in libjvm.so, mask=11100100010111111101111111111110, flags=SA_RESTART|SA_SIGINFO, unblocked
    SIGFPE: crash_handler in libjvm.so, mask=11100100010111111101111111111110, flags=SA_RESTART|SA_SIGINFO, unblocked
   SIGPIPE: javaSignalHandler in libjvm.so, mask=11100100010111111101111111111110, flags=SA_RESTART|SA_SIGINFO, blocked
   SIGXFSZ: javaSignalHandler in libjvm.so, mask=11100100010111111101111111111110, flags=SA_RESTART|SA_SIGINFO, blocked
    SIGILL: crash_handler in libjvm.so, mask=11100100010111111101111111111110, flags=SA_RESTART|SA_SIGINFO, unblocked
   SIGUSR2: SR_handler in libjvm.so, mask=00000000000000000000000000000000, flags=SA_RESTART|SA_SIGINFO, blocked
    SIGHUP: SIG_DFL, mask=00000000000000000000000000000000, flags=none, blocked
    SIGINT: SIG_DFL, mask=00000000000000000000000000000000, flags=none, blocked
   SIGTERM: SIG_DFL, mask=00000000000000000000000000000000, flags=none, blocked
   SIGQUIT: UserHandler in libjvm.so, mask=11100100010111111101111111111110, flags=SA_RESTART|SA_SIGINFO, blocked
   SIGTRAP: crash_handler in libjvm.so, mask=11100100010111111101111111111110, flags=SA_RESTART|SA_SIGINFO, unblocked


Compilation memory statistics disabled.

Periodic native trim disabled

---------------  S Y S T E M  ---------------

OS:
DISTRIB_ID=Ubuntu
DISTRIB_RELEASE=24.04
DISTRIB_CODENAME=noble
DISTRIB_DESCRIPTION="Ubuntu 24.04.3 LTS"
uname: Linux 6.8.0-1044-azure #50~22.04.1-Ubuntu SMP Wed Dec  3 15:13:22 UTC 2025 x86_64
OS uptime: 0 days 0:10 hours
libc: glibc 2.39 NPTL 2.39 
rlimit (soft/hard): STACK 8192k/infinity , CORE infinity/infinity , NPROC infinity/infinity , NOFILE 524288/524288 , AS infinity/infinity , CPU infinity/infinity , DATA infinity/infinity , FSIZE infinity/infinity , MEMLOCK 8192k/8192k
load average: 0.77 1.23 0.81

/proc/meminfo:
MemTotal:       16379784 kB
MemFree:          287528 kB
MemAvailable:   14446756 kB
Buffers:          427684 kB
Cached:         13641652 kB
SwapCached:            0 kB
Active:          4798856 kB
Inactive:       10478508 kB
Active(anon):    1251484 kB
Inactive(anon):    29104 kB
Active(file):    3547372 kB
Inactive(file): 10449404 kB
Unevictable:       30924 kB
Mlocked:           27852 kB
SwapTotal:             0 kB
SwapFree:              0 kB
Zswap:                 0 kB
Zswapped:              0 kB
Dirty:             10020 kB
Writeback:            20 kB
AnonPages:       1204896 kB
Mapped:           631720 kB
Shmem:             63420 kB
KReclaimable:     508380 kB
Slab:             634012 kB
SReclaimable:     508380 kB
SUnreclaim:       125632 kB
KernelStack:        8996 kB
PageTables:        22676 kB
SecPageTables:         0 kB
NFS_Unstable:          0 kB
Bounce:                0 kB
WritebackTmp:          0 kB
CommitLimit:     8189892 kB
Committed_AS:    4157260 kB
VmallocTotal:   34359738367 kB
VmallocUsed:       41384 kB
VmallocChunk:          0 kB
Percpu:             2464 kB
HardwareCorrupted:     0 kB
AnonHugePages:    514048 kB
ShmemHugePages:        0 kB
ShmemPmdMapped:        0 kB
FileHugePages:         0 kB
FilePmdMapped:         0 kB
Unaccepted:            0 kB
HugePages_Total:       0
HugePages_Free:        0
HugePages_Rsvd:        0
HugePages_Surp:        0
Hugepagesize:       2048 kB
Hugetlb:               0 kB
DirectMap4k:      163776 kB
DirectMap2M:     5079040 kB
DirectMap1G:    13631488 kB

/sys/kernel/mm/transparent_hugepage/enabled: [always] madvise never
/sys/kernel/mm/transparent_hugepage/hpage_pmd_size: 2097152
/sys/kernel/mm/transparent_hugepage/shmem_enabled: always within_size advise [never] deny force
/sys/kernel/mm/transparent_hugepage/defrag (defrag/compaction efforts parameter): always defer defer+madvise [madvise] never

Process Memory:
Virtual Size: 1058956K (peak: 17831244K)
Resident Set Size: 21680K (peak: 21680K) (anon: 7728K, file: 13952K, shmem: 0K)
Swapped out: 0K
C-Heap outstanding allocations: 14748K, retained: 587K
glibc malloc tunables: (default)

/proc/sys/kernel/threads-max (system-wide limit on the number of threads): 127908
/proc/sys/vm/max_map_count (maximum number of memory map areas a process may have): 65530
/proc/sys/vm/swappiness (control to define how aggressively the kernel swaps out anonymous memory): 60
/proc/sys/kernel/pid_max (system-wide limit on number of process identifiers): 4194304

container information not found.
Hyper-V virtualization detected
Steal ticks since vm start: 0
Steal ticks percentage since vm start:  0.000

CPU: total 4 (initial active 4) (16 cores per cpu, 2 threads per core) family 25 model 1 stepping 1 microcode 0xffffffff, cx8, cmov, fxsr, ht, mmx, 3dnowpref, sse, sse2, sse3, ssse3, sse4a, sse4.1, sse4.2, popcnt, lzcnt, tsc, tscinvbit, avx, avx2, aes, erms, clmul, bmi1, bmi2, adx, sha, fma, vzeroupper, clflush, clflushopt, clwb, hv, rdtscp, rdpid, fsrm, f16c, cet_ss
CPU Model and flags from /proc/cpuinfo:
model name	: AMD EPYC 7763 64-Core Processor
flags		: fpu vme de pse tsc msr pae mce cx8 apic sep mtrr pge mca cmov pat pse36 clflush mmx fxsr sse sse2 ht syscall nx mmxext fxsr_opt pdpe1gb rdtscp lm constant_tsc rep_good nopl tsc_reliable nonstop_tsc cpuid extd_apicid aperfmperf tsc_known_freq pni pclmulqdq ssse3 fma cx16 pcid sse4_1 sse4_2 movbe popcnt aes xsave avx f16c rdrand hypervisor lahf_lm cmp_legacy svm cr8_legacy abm sse4a misalignsse 3dnowprefetch osvw topoext vmmcall fsgsbase bmi1 avx2 smep bmi2 erms invpcid rdseed adx smap clflushopt clwb sha_ni xsaveopt xsavec xgetbv1 xsaves user_shstk clzero xsaveerptr rdpru arat npt nrip_save tsc_scale vmcb_clean flushbyasid decodeassists pausefilter pfthreshold v_vmsave_vmload umip vaes vpclmulqdq rdpid fsrm

Online cpus: 0-3
Offline cpus: 
BIOS frequency limitation: <Not Available>
Frequency switch latency (ns): <Not Available>
Available cpu frequencies: <Not Available>
Current governor: <Not Available>
Core performance/turbo boost: <Not Available>

Memory: 4k page, physical 16379784k(14446756k free), swap 0k(0k free)
Page Sizes: 4k

vm_info: OpenJDK 64-Bit Server VM (25.0.1+8-LTS) for linux-amd64 JRE (25.0.1+8-LTS), built on 2025-10-13T21:28:09Z with gcc 11.3.0

END.
