[19ápr.2026 18:41:06.294] [main/INFO] [cpw.mods.modlauncher.Launcher/MODLAUNCHER]: ModLauncher running: args [--launchTarget, forgeserver, --fml.neoForgeVersion, 21.1.227, --fml.fmlVersion, 4.0.42, --fml.mcVersion, 1.21.1, --fml.neoFormVersion, 20240808.144430]
[19ápr.2026 18:41:06.295] [main/INFO] [cpw.mods.modlauncher.Launcher/MODLAUNCHER]: JVM identified as Oracle Corporation Java HotSpot(TM) 64-Bit Server VM 26+35-2893
[19ápr.2026 18:41:06.296] [main/INFO] [cpw.mods.modlauncher.Launcher/MODLAUNCHER]: ModLauncher 11.0.5+main.901c6ea8 starting: java version 26 by Oracle Corporation; OS Windows 11 arch amd64 version 10.0
[19ápr.2026 18:41:06.312] [main/DEBUG] [cpw.mods.modlauncher.LaunchServiceHandler/MODLAUNCHER]: Found launch services [minecraft,forgeclient,forgedatauserdev,testharness,forgeserverdev,forgeserveruserdev,forgejunitdev,forgeclientdev,forgeclientuserdev,forgeserver,forgejunituserdev,forgedatadev]
[19ápr.2026 18:41:06.327] [main/DEBUG] [cpw.mods.modlauncher.LaunchPluginHandler/MODLAUNCHER]: Found launch plugins: [mixin,slf4jfixer,runtime_enum_extender,accesstransformer,runtimedistcleaner]
[19ápr.2026 18:41:06.335] [main/DEBUG] [cpw.mods.modlauncher.TransformationServicesHandler/MODLAUNCHER]: Discovering transformation services
[19ápr.2026 18:41:06.338] [main/DEBUG] [net.neoforged.fml.loading.FMLPaths/CORE]: Path GAMEDIR is C:\Users\Szila\Documents\susu\prog\GitHub\Kutya-Minecraft
[19ápr.2026 18:41:06.340] [main/DEBUG] [net.neoforged.fml.loading.FMLPaths/CORE]: Path MODSDIR is C:\Users\Szila\Documents\susu\prog\GitHub\Kutya-Minecraft\mods
[19ápr.2026 18:41:06.342] [main/DEBUG] [net.neoforged.fml.loading.FMLPaths/CORE]: Path CONFIGDIR is C:\Users\Szila\Documents\susu\prog\GitHub\Kutya-Minecraft\config
[19ápr.2026 18:41:06.342] [main/DEBUG] [net.neoforged.fml.loading.FMLPaths/CORE]: Path FMLCONFIG is C:\Users\Szila\Documents\susu\prog\GitHub\Kutya-Minecraft\config\fml.toml
[19ápr.2026 18:41:06.358] [main/TRACE] [net.neoforged.fml.loading.FMLConfig/CORE]: Loaded FML config from C:\Users\Szila\Documents\susu\prog\GitHub\Kutya-Minecraft\config\fml.toml
[19ápr.2026 18:41:06.358] [main/TRACE] [net.neoforged.fml.loading.FMLConfig/CORE]: FMLConfig disableConfigWatcher is false
[19ápr.2026 18:41:06.358] [main/TRACE] [net.neoforged.fml.loading.FMLConfig/CORE]: FMLConfig earlyWindowControl is true
[19ápr.2026 18:41:06.360] [main/TRACE] [net.neoforged.fml.loading.FMLConfig/CORE]: FMLConfig maxThreads is 32
[19ápr.2026 18:41:06.360] [main/TRACE] [net.neoforged.fml.loading.FMLConfig/CORE]: FMLConfig versionCheck is true
[19ápr.2026 18:41:06.360] [main/TRACE] [net.neoforged.fml.loading.FMLConfig/CORE]: FMLConfig defaultConfigPath is defaultconfigs
[19ápr.2026 18:41:06.360] [main/TRACE] [net.neoforged.fml.loading.FMLConfig/CORE]: FMLConfig disableOptimizedDFU is true
[19ápr.2026 18:41:06.360] [main/TRACE] [net.neoforged.fml.loading.FMLConfig/CORE]: FMLConfig earlyWindowProvider is fmlearlywindow
[19ápr.2026 18:41:06.360] [main/TRACE] [net.neoforged.fml.loading.FMLConfig/CORE]: FMLConfig earlyWindowWidth is 854
[19ápr.2026 18:41:06.360] [main/TRACE] [net.neoforged.fml.loading.FMLConfig/CORE]: FMLConfig earlyWindowHeight is 480
[19ápr.2026 18:41:06.360] [main/TRACE] [net.neoforged.fml.loading.FMLConfig/CORE]: FMLConfig earlyWindowFBScale is 1
[19ápr.2026 18:41:06.360] [main/TRACE] [net.neoforged.fml.loading.FMLConfig/CORE]: FMLConfig earlyWindowMaximized is false
[19ápr.2026 18:41:06.360] [main/TRACE] [net.neoforged.fml.loading.FMLConfig/CORE]: FMLConfig earlyWindowSkipGLVersions is []
[19ápr.2026 18:41:06.360] [main/TRACE] [net.neoforged.fml.loading.FMLConfig/CORE]: FMLConfig earlyWindowSquir is false
[19ápr.2026 18:41:06.363] [main/DEBUG] [cpw.mods.modlauncher.TransformationServicesHandler/MODLAUNCHER]: Found additional transformation services from discovery services: 
[19ápr.2026 18:41:06.367] [main/INFO] [net.neoforged.fml.loading.ImmediateWindowHandler/]: ImmediateWindowProvider not loading because launch target is forgeserver
[19ápr.2026 18:41:06.374] [main/DEBUG] [cpw.mods.modlauncher.TransformationServicesHandler/MODLAUNCHER]: Found transformer services : [mixin,fml]
[19ápr.2026 18:41:06.374] [main/DEBUG] [cpw.mods.modlauncher.TransformationServicesHandler/MODLAUNCHER]: Transformation services loading
[19ápr.2026 18:41:06.374] [main/DEBUG] [cpw.mods.modlauncher.TransformationServiceDecorator/MODLAUNCHER]: Loading service mixin
[19ápr.2026 18:41:06.374] [main/DEBUG] [cpw.mods.modlauncher.TransformationServiceDecorator/MODLAUNCHER]: Loaded service mixin
[19ápr.2026 18:41:06.375] [main/DEBUG] [cpw.mods.modlauncher.TransformationServiceDecorator/MODLAUNCHER]: Loading service fml
[19ápr.2026 18:41:06.375] [main/DEBUG] [net.neoforged.fml.loading.FMLLoader/CORE]: FML 4.0.42 loading
[19ápr.2026 18:41:06.375] [main/DEBUG] [net.neoforged.fml.loading.FMLLoader/CORE]: FML found ModLauncher version : 11.0.5+main.901c6ea8
[19ápr.2026 18:41:06.376] [main/DEBUG] [net.neoforged.fml.loading.FMLLoader/CORE]: FML found AccessTransformer version : 10.0.1+139da711
[19ápr.2026 18:41:06.376] [main/DEBUG] [net.neoforged.fml.loading.FMLLoader/CORE]: FML found EventBus version : null
[19ápr.2026 18:41:06.376] [main/DEBUG] [net.neoforged.fml.loading.FMLLoader/CORE]: Found Runtime Dist Cleaner
[19ápr.2026 18:41:06.376] [main/DEBUG] [cpw.mods.modlauncher.TransformationServiceDecorator/MODLAUNCHER]: Loaded service fml
[19ápr.2026 18:41:06.377] [main/DEBUG] [cpw.mods.modlauncher.TransformationServicesHandler/MODLAUNCHER]: Configuring option handling for services
[19ápr.2026 18:41:06.385] [main/DEBUG] [net.neoforged.fml.loading.FMLServiceProvider/CORE]: Received command line version data  : VersionInfo[neoForgeVersion=21.1.227, fmlVersion=4.0.42, mcVersion=1.21.1, neoFormVersion=20240808.144430]
[19ápr.2026 18:41:06.385] [main/DEBUG] [cpw.mods.modlauncher.TransformationServicesHandler/MODLAUNCHER]: Transformation services initializing
[19ápr.2026 18:41:06.385] [main/DEBUG] [cpw.mods.modlauncher.TransformationServiceDecorator/MODLAUNCHER]: Initializing transformation service mixin
[19ápr.2026 18:41:06.394] [main/DEBUG] [mixin/]: MixinService [ModLauncher] was successfully booted in cpw.mods.cl.ModuleClassLoader@79b4d0f
[19ápr.2026 18:41:06.403] [main/INFO] [mixin/]: SpongePowered MIXIN Subsystem Version=0.8.7 Source=union:/C:/Users/Szila/Documents/susu/prog/GitHub/Kutya-Minecraft/libraries/net/fabricmc/sponge-mixin/0.15.2+mixin.0.8.7/sponge-mixin-0.15.2+mixin.0.8.7.jar%2373!/ Service=ModLauncher Env=SERVER
[19ápr.2026 18:41:06.406] [main/DEBUG] [mixin/]: Initialising Mixin Platform Manager
[19ápr.2026 18:41:06.406] [main/DEBUG] [mixin/]: Adding mixin platform agents for container ModLauncher Root Container(ModLauncher:4f56a0a2)
[19ápr.2026 18:41:06.406] [main/DEBUG] [mixin/]: Instancing new MixinPlatformAgentMinecraftForge for ModLauncher Root Container(ModLauncher:4f56a0a2)
[19ápr.2026 18:41:06.407] [main/DEBUG] [mixin/]: MixinPlatformAgentMinecraftForge rejected container ModLauncher Root Container(ModLauncher:4f56a0a2)
[19ápr.2026 18:41:06.407] [main/DEBUG] [mixin/]: Instancing new MixinPlatformAgentDefault for ModLauncher Root Container(ModLauncher:4f56a0a2)
[19ápr.2026 18:41:06.407] [main/DEBUG] [mixin/]: MixinPlatformAgentDefault accepted container ModLauncher Root Container(ModLauncher:4f56a0a2)
[19ápr.2026 18:41:06.407] [main/DEBUG] [cpw.mods.modlauncher.TransformationServiceDecorator/MODLAUNCHER]: Initialized transformation service mixin
[19ápr.2026 18:41:06.407] [main/DEBUG] [cpw.mods.modlauncher.TransformationServiceDecorator/MODLAUNCHER]: Initializing transformation service fml
[19ápr.2026 18:41:06.407] [main/DEBUG] [net.neoforged.fml.loading.FMLServiceProvider/CORE]: Setting up basic FML game directories
[19ápr.2026 18:41:06.407] [main/DEBUG] [net.neoforged.fml.loading.FMLPaths/CORE]: Path GAMEDIR is C:\Users\Szila\Documents\susu\prog\GitHub\Kutya-Minecraft
[19ápr.2026 18:41:06.409] [main/DEBUG] [net.neoforged.fml.loading.FMLPaths/CORE]: Path MODSDIR is C:\Users\Szila\Documents\susu\prog\GitHub\Kutya-Minecraft\mods
[19ápr.2026 18:41:06.409] [main/DEBUG] [net.neoforged.fml.loading.FMLPaths/CORE]: Path CONFIGDIR is C:\Users\Szila\Documents\susu\prog\GitHub\Kutya-Minecraft\config
[19ápr.2026 18:41:06.409] [main/DEBUG] [net.neoforged.fml.loading.FMLPaths/CORE]: Path FMLCONFIG is C:\Users\Szila\Documents\susu\prog\GitHub\Kutya-Minecraft\config\fml.toml
[19ápr.2026 18:41:06.410] [main/DEBUG] [net.neoforged.fml.loading.FMLServiceProvider/CORE]: Loading configuration
[19ápr.2026 18:41:06.418] [main/TRACE] [net.neoforged.fml.loading.FMLConfig/CORE]: Loaded FML config from C:\Users\Szila\Documents\susu\prog\GitHub\Kutya-Minecraft\config\fml.toml
[19ápr.2026 18:41:06.418] [main/TRACE] [net.neoforged.fml.loading.FMLConfig/CORE]: FMLConfig disableConfigWatcher is false
[19ápr.2026 18:41:06.418] [main/TRACE] [net.neoforged.fml.loading.FMLConfig/CORE]: FMLConfig earlyWindowControl is true
[19ápr.2026 18:41:06.418] [main/TRACE] [net.neoforged.fml.loading.FMLConfig/CORE]: FMLConfig maxThreads is 32
[19ápr.2026 18:41:06.418] [main/TRACE] [net.neoforged.fml.loading.FMLConfig/CORE]: FMLConfig versionCheck is true
[19ápr.2026 18:41:06.418] [main/TRACE] [net.neoforged.fml.loading.FMLConfig/CORE]: FMLConfig defaultConfigPath is defaultconfigs
[19ápr.2026 18:41:06.418] [main/TRACE] [net.neoforged.fml.loading.FMLConfig/CORE]: FMLConfig disableOptimizedDFU is true
[19ápr.2026 18:41:06.418] [main/TRACE] [net.neoforged.fml.loading.FMLConfig/CORE]: FMLConfig earlyWindowProvider is fmlearlywindow
[19ápr.2026 18:41:06.419] [main/TRACE] [net.neoforged.fml.loading.FMLConfig/CORE]: FMLConfig earlyWindowWidth is 854
[19ápr.2026 18:41:06.419] [main/TRACE] [net.neoforged.fml.loading.FMLConfig/CORE]: FMLConfig earlyWindowHeight is 480
[19ápr.2026 18:41:06.419] [main/TRACE] [net.neoforged.fml.loading.FMLConfig/CORE]: FMLConfig earlyWindowFBScale is 1
[19ápr.2026 18:41:06.419] [main/TRACE] [net.neoforged.fml.loading.FMLConfig/CORE]: FMLConfig earlyWindowMaximized is false
[19ápr.2026 18:41:06.419] [main/TRACE] [net.neoforged.fml.loading.FMLConfig/CORE]: FMLConfig earlyWindowSkipGLVersions is []
[19ápr.2026 18:41:06.419] [main/TRACE] [net.neoforged.fml.loading.FMLConfig/CORE]: FMLConfig earlyWindowSquir is false
[19ápr.2026 18:41:06.420] [main/DEBUG] [net.neoforged.fml.loading.LaunchContext/SCAN]: Located paths when launch context was created: [C:\Users\Szila\Documents\susu\prog\GitHub\Kutya-Minecraft\libraries\org\antlr\antlr4-runtime\4.13.1\antlr4-runtime-4.13.1.jar, C:\Users\Szila\Documents\susu\prog\GitHub\Kutya-Minecraft\libraries\net\sf\jopt-simple\jopt-simple\5.0.4\jopt-simple-5.0.4.jar, C:\Users\Szila\Documents\susu\prog\GitHub\Kutya-Minecraft\libraries\io\netty\netty-buffer\4.1.97.Final\netty-buffer-4.1.97.Final.jar, C:\Users\Szila\Documents\susu\prog\GitHub\Kutya-Minecraft\libraries\com\mojang\brigadier\1.3.10\brigadier-1.3.10.jar, C:\Users\Szila\Documents\susu\prog\GitHub\Kutya-Minecraft\libraries\io\netty\netty-resolver\4.1.97.Final\netty-resolver-4.1.97.Final.jar, C:\Users\Szila\Documents\susu\prog\GitHub\Kutya-Minecraft\libraries\org\apache\logging\log4j\log4j-api\2.22.1\log4j-api-2.22.1.jar, C:\Users\Szila\Documents\susu\prog\GitHub\Kutya-Minecraft\libraries\net\minecraftforge\srgutils\0.4.15\srgutils-0.4.15.jar, C:\Users\Szila\Documents\susu\prog\GitHub\Kutya-Minecraft\libraries\org\apache\commons\commons-lang3\3.14.0\commons-lang3-3.14.0.jar, C:\Users\Szila\Documents\susu\prog\GitHub\Kutya-Minecraft\libraries\net\neoforged\JarJarSelector\0.4.1\JarJarSelector-0.4.1.jar, C:\Users\Szila\Documents\susu\prog\GitHub\Kutya-Minecraft\libraries\net\neoforged\accesstransformers\at-modlauncher\10.0.1\at-modlauncher-10.0.1.jar, C:\Users\Szila\Documents\susu\prog\GitHub\Kutya-Minecraft\libraries\com\mojang\authlib\6.0.54\authlib-6.0.54.jar, C:\Users\Szila\Documents\susu\prog\GitHub\Kutya-Minecraft\libraries\com\machinezoo\noexception\noexception\1.7.1\noexception-1.7.1.jar, C:\Users\Szila\Documents\susu\prog\GitHub\Kutya-Minecraft\libraries\net\neoforged\fancymodloader\loader\4.0.42\loader-4.0.42.jar, C:\Users\Szila\Documents\susu\prog\GitHub\Kutya-Minecraft\libraries\net\java\dev\jna\jna\5.14.0\jna-5.14.0.jar, C:\Users\Szila\Documents\susu\prog\GitHub\Kutya-Minecraft\libraries\org\checkerframework\checker-qual\3.33.0\checker-qual-3.33.0.jar, C:\Users\Szila\Documents\susu\prog\GitHub\Kutya-Minecraft\libraries\net\java\dev\jna\jna-platform\5.14.0\jna-platform-5.14.0.jar, C:\Users\Szila\Documents\susu\prog\GitHub\Kutya-Minecraft\libraries\com\google\code\gson\gson\2.10.1\gson-2.10.1.jar, C:\Users\Szila\Documents\susu\prog\GitHub\Kutya-Minecraft\libraries\io\netty\netty-transport\4.1.97.Final\netty-transport-4.1.97.Final.jar, C:\Users\Szila\Documents\susu\prog\GitHub\Kutya-Minecraft\libraries\com\electronwill\night-config\toml\3.8.3\toml-3.8.3.jar, C:\Users\Szila\Documents\susu\prog\GitHub\Kutya-Minecraft\libraries\org\slf4j\slf4j-api\2.0.9\slf4j-api-2.0.9.jar, C:\Users\Szila\Documents\susu\prog\GitHub\Kutya-Minecraft\libraries\com\github\oshi\oshi-core\6.4.10\oshi-core-6.4.10.jar, C:\Users\Szila\Documents\susu\prog\GitHub\Kutya-Minecraft\libraries\net\minecrell\terminalconsoleappender\1.3.0\terminalconsoleappender-1.3.0.jar, C:\Users\Szila\Documents\susu\prog\GitHub\Kutya-Minecraft\libraries\com\google\guava\listenablefuture\9999.0-empty-to-avoid-conflict-with-guava\listenablefuture-9999.0-empty-to-avoid-conflict-with-guava.jar, C:\Users\Szila\Documents\susu\prog\GitHub\Kutya-Minecraft\libraries\com\google\guava\failureaccess\1.0.1\failureaccess-1.0.1.jar, C:\Users\Szila\Documents\susu\prog\GitHub\Kutya-Minecraft\libraries\io\netty\netty-common\4.1.97.Final\netty-common-4.1.97.Final.jar, C:\Users\Szila\Documents\susu\prog\GitHub\Kutya-Minecraft\libraries\org\joml\joml\1.10.5\joml-1.10.5.jar, C:\Users\Szila\Documents\susu\prog\GitHub\Kutya-Minecraft\libraries\io\netty\netty-transport-native-epoll\4.1.97.Final\netty-transport-native-epoll-4.1.97.Final-linux-aarch_64.jar, C:\Users\Szila\Documents\susu\prog\GitHub\Kutya-Minecraft\libraries\net\neoforged\fancymodloader\earlydisplay\4.0.42\earlydisplay-4.0.42.jar, C:\Users\Szila\Documents\susu\prog\GitHub\Kutya-Minecraft\libraries\org\apache\logging\log4j\log4j-slf4j2-impl\2.22.1\log4j-slf4j2-impl-2.22.1.jar, C:\Users\Szila\Documents\susu\prog\GitHub\Kutya-Minecraft\libraries\io\netty\netty-codec\4.1.97.Final\netty-codec-4.1.97.Final.jar, C:\Users\Szila\Documents\susu\prog\GitHub\Kutya-Minecraft\libraries\net\jodah\typetools\0.6.3\typetools-0.6.3.jar, C:\Users\Szila\Documents\susu\prog\GitHub\Kutya-Minecraft\libraries\org\apache\logging\log4j\log4j-core\2.22.1\log4j-core-2.22.1.jar, C:\Users\Szila\Documents\susu\prog\GitHub\Kutya-Minecraft\libraries\com\google\errorprone\error_prone_annotations\2.18.0\error_prone_annotations-2.18.0.jar, C:\Users\Szila\Documents\susu\prog\GitHub\Kutya-Minecraft\libraries\com\google\j2objc\j2objc-annotations\2.8\j2objc-annotations-2.8.jar, C:\Users\Szila\Documents\susu\prog\GitHub\Kutya-Minecraft\libraries\com\mojang\logging\1.2.7\logging-1.2.7.jar, C:\Users\Szila\Documents\susu\prog\GitHub\Kutya-Minecraft\libraries\com\electronwill\night-config\core\3.8.3\core-3.8.3.jar, C:\Users\Szila\Documents\susu\prog\GitHub\Kutya-Minecraft\libraries\io\netty\netty-transport-native-epoll\4.1.97.Final\netty-transport-native-epoll-4.1.97.Final-linux-x86_64.jar, C:\Users\Szila\Documents\susu\prog\GitHub\Kutya-Minecraft\libraries\com\mojang\datafixerupper\8.0.16\datafixerupper-8.0.16.jar, C:\Users\Szila\Documents\susu\prog\GitHub\Kutya-Minecraft\libraries\cpw\mods\modlauncher\11.0.5\modlauncher-11.0.5.jar, C:\Users\Szila\Documents\susu\prog\GitHub\Kutya-Minecraft\libraries\org\lz4\lz4-java\1.8.0\lz4-java-1.8.0.jar, C:\Users\Szila\Documents\susu\prog\GitHub\Kutya-Minecraft\libraries\org\codehaus\plexus\plexus-utils\3.3.0\plexus-utils-3.3.0.jar, C:\Users\Szila\Documents\susu\prog\GitHub\Kutya-Minecraft\libraries\org\apache\maven\maven-artifact\3.8.5\maven-artifact-3.8.5.jar, C:\Users\Szila\Documents\susu\prog\GitHub\Kutya-Minecraft\libraries\io\netty\netty-handler\4.1.97.Final\netty-handler-4.1.97.Final.jar, C:\Users\Szila\Documents\susu\prog\GitHub\Kutya-Minecraft\libraries\org\jline\jline-reader\3.20.0\jline-reader-3.20.0.jar, C:\Users\Szila\Documents\susu\prog\GitHub\Kutya-Minecraft\libraries\org\openjdk\nashorn\nashorn-core\15.4\nashorn-core-15.4.jar, C:\Users\Szila\Documents\susu\prog\GitHub\Kutya-Minecraft\libraries\org\jline\jline-terminal\3.20.0\jline-terminal-3.20.0.jar, C:\Users\Szila\Documents\susu\prog\GitHub\Kutya-Minecraft\libraries\net\fabricmc\sponge-mixin\0.15.2+mixin.0.8.7\sponge-mixin-0.15.2+mixin.0.8.7.jar, C:\Users\Szila\Documents\susu\prog\GitHub\Kutya-Minecraft\libraries\io\netty\netty-transport-native-unix-common\4.1.97.Final\netty-transport-native-unix-common-4.1.97.Final.jar, C:\Users\Szila\Documents\susu\prog\GitHub\Kutya-Minecraft\libraries\net\neoforged\accesstransformers\10.0.1\accesstransformers-10.0.1.jar, C:\Users\Szila\Documents\susu\prog\GitHub\Kutya-Minecraft\libraries\net\neoforged\mergetool\2.0.0\mergetool-2.0.0-api.jar, C:\Users\Szila\Documents\susu\prog\GitHub\Kutya-Minecraft\libraries\com\google\code\findbugs\jsr305\3.0.2\jsr305-3.0.2.jar, C:\Users\Szila\Documents\susu\prog\GitHub\Kutya-Minecraft\libraries\net\neoforged\JarJarMetadata\0.4.1\JarJarMetadata-0.4.1.jar, C:\Users\Szila\Documents\susu\prog\GitHub\Kutya-Minecraft\libraries\io\netty\netty-transport-classes-epoll\4.1.97.Final\netty-transport-classes-epoll-4.1.97.Final.jar, C:\Users\Szila\Documents\susu\prog\GitHub\Kutya-Minecraft\libraries\com\google\guava\guava\32.1.2-jre\guava-32.1.2-jre.jar, C:\Users\Szila\Documents\susu\prog\GitHub\Kutya-Minecraft\libraries\it\unimi\dsi\fastutil\8.5.12\fastutil-8.5.12.jar, C:\Users\Szila\Documents\susu\prog\GitHub\Kutya-Minecraft\libraries\net\neoforged\coremods\7.0.3\coremods-7.0.3.jar, C:\Users\Szila\Documents\susu\prog\GitHub\Kutya-Minecraft\libraries\net\neoforged\bus\8.0.5\bus-8.0.5.jar, C:\Users\Szila\Documents\susu\prog\GitHub\Kutya-Minecraft\libraries\commons-io\commons-io\2.15.1\commons-io-2.15.1.jar]
[19ápr.2026 18:41:06.420] [main/DEBUG] [net.neoforged.fml.loading.FMLServiceProvider/CORE]: Preparing launch handler
[19ápr.2026 18:41:06.420] [main/DEBUG] [net.neoforged.fml.loading.FMLLoader/CORE]: Using forgeserver as launch service
[19ápr.2026 18:41:06.421] [main/DEBUG] [net.neoforged.fml.common.asm.RuntimeDistCleaner/DISTXFORM]: Configuring for Dist DEDICATED_SERVER
[19ápr.2026 18:41:06.422] [main/DEBUG] [cpw.mods.modlauncher.TransformationServiceDecorator/MODLAUNCHER]: Initialized transformation service fml
[19ápr.2026 18:41:06.422] [main/DEBUG] [cpw.mods.modlauncher.TransformationServicesHandler/MODLAUNCHER]: Transformation services begin scanning
[19ápr.2026 18:41:06.422] [main/DEBUG] [cpw.mods.modlauncher.TransformationServiceDecorator/MODLAUNCHER]: Beginning scan trigger - transformation service mixin
[19ápr.2026 18:41:06.424] [main/DEBUG] [cpw.mods.modlauncher.TransformationServiceDecorator/MODLAUNCHER]: End scan trigger - transformation service mixin
[19ápr.2026 18:41:06.424] [main/DEBUG] [cpw.mods.modlauncher.TransformationServiceDecorator/MODLAUNCHER]: Beginning scan trigger - transformation service fml
[19ápr.2026 18:41:06.424] [main/DEBUG] [net.neoforged.fml.loading.FMLServiceProvider/CORE]: Initiating mod scan
[19ápr.2026 18:41:06.439] [main/DEBUG] [net.neoforged.fml.util.ServiceLoaderUtil/CORE]: Found 4 implementations of IModFileCandidateLocator:
[19ápr.2026 18:41:06.439] [main/DEBUG] [net.neoforged.fml.util.ServiceLoaderUtil/CORE]: 	    1000 - [built-in] net.neoforged.fml.loading.moddiscovery.locators.ProductionServerProvider from loader-4.0.42.jar
[19ápr.2026 18:41:06.441] [main/DEBUG] [net.neoforged.fml.util.ServiceLoaderUtil/CORE]: 	    1000 - [built-in] net.neoforged.fml.loading.moddiscovery.locators.PathBasedLocator from loader-4.0.42.jar
[19ápr.2026 18:41:06.441] [main/DEBUG] [net.neoforged.fml.util.ServiceLoaderUtil/CORE]: 	       0 - net.neoforged.fml.loading.moddiscovery.locators.ModsFolderLocator from loader-4.0.42.jar
[19ápr.2026 18:41:06.442] [main/DEBUG] [net.neoforged.fml.util.ServiceLoaderUtil/CORE]: 	       0 - net.neoforged.fml.loading.moddiscovery.locators.MavenDirectoryLocator from loader-4.0.42.jar
[19ápr.2026 18:41:06.443] [main/DEBUG] [net.neoforged.fml.util.ServiceLoaderUtil/CORE]: Found 2 implementations of IModFileReader:
[19ápr.2026 18:41:06.443] [main/DEBUG] [net.neoforged.fml.util.ServiceLoaderUtil/CORE]: 	       0 - net.neoforged.fml.loading.moddiscovery.readers.JarModsDotTomlModFileReader from loader-4.0.42.jar
[19ápr.2026 18:41:06.445] [main/DEBUG] [net.neoforged.fml.util.ServiceLoaderUtil/CORE]: 	   -1000 - net.neoforged.fml.loading.moddiscovery.readers.NestedLibraryModReader from loader-4.0.42.jar
[19ápr.2026 18:41:06.445] [main/DEBUG] [net.neoforged.fml.util.ServiceLoaderUtil/CORE]: Found 1 implementations of IDependencyLocator:
[19ápr.2026 18:41:06.446] [main/DEBUG] [net.neoforged.fml.util.ServiceLoaderUtil/CORE]: 	       0 - net.neoforged.fml.loading.moddiscovery.locators.JarInJarDependencyLocator from loader-4.0.42.jar
[19ápr.2026 18:41:06.446] [main/DEBUG] [net.neoforged.fml.loading.moddiscovery.ModDiscoverer/SCAN]: Scanning for mods and other resources to load. We know 4 ways to find mods
[19ápr.2026 18:41:06.446] [main/DEBUG] [net.neoforged.fml.loading.moddiscovery.ModDiscoverer/SCAN]: Trying locator production server provider +net.neoforged:neoforge:21.1.227:server
[19ápr.2026 18:41:06.605] [main/DEBUG] [net.neoforged.fml.loading.moddiscovery.ModFileInfo/LOADING]: Found valid mod file server-1.21.1-20240808.144430-srg.jar with {minecraft} mods - versions {1.21.1}
[19ápr.2026 18:41:06.605] [main/INFO] [net.neoforged.fml.loading.moddiscovery.ModDiscoverer/SCAN]: Found mod file "server-1.21.1-20240808.144430-srg.jar" [locator: production server provider +net.neoforged:neoforge:21.1.227:server]
[19ápr.2026 18:41:06.605] [main/DEBUG] [net.neoforged.fml.loading.moddiscovery.ModDiscoverer/SCAN]: Locator production server provider +net.neoforged:neoforge:21.1.227:server found 1 mods, 0 warnings, 0 errors and skipped 0 candidates
[19ápr.2026 18:41:06.606] [main/DEBUG] [net.neoforged.fml.loading.moddiscovery.ModDiscoverer/SCAN]: Trying locator PathBasedLocator[name=neoforge, paths=[libraries\net\neoforged\neoforge\21.1.227\neoforge-21.1.227-universal.jar]]
[19ápr.2026 18:41:06.610] [main/DEBUG] [net.neoforged.fml.loading.moddiscovery.readers.JarModsDotTomlModFileReader/SCAN]: Found META-INF/neoforge.mods.toml mod of type null: C:\Users\Szila\Documents\susu\prog\GitHub\Kutya-Minecraft\libraries\net\neoforged\neoforge\21.1.227\neoforge-21.1.227-universal.jar
[19ápr.2026 18:41:06.610] [main/DEBUG] [net.neoforged.fml.loading.moddiscovery.ModFileParser/LOADING]: Considering mod file candidate C:\Users\Szila\Documents\susu\prog\GitHub\Kutya-Minecraft\libraries\net\neoforged\neoforge\21.1.227\neoforge-21.1.227-universal.jar
[19ápr.2026 18:41:06.621] [main/DEBUG] [net.neoforged.fml.loading.moddiscovery.ModFileInfo/LOADING]: Found valid mod file neoforge-21.1.227-universal.jar with {neoforge} mods - versions {21.1.227}
[19ápr.2026 18:41:06.621] [main/INFO] [net.neoforged.fml.loading.moddiscovery.ModDiscoverer/SCAN]: Found mod file "neoforge-21.1.227-universal.jar" [locator: PathBasedLocator[name=neoforge, paths=[libraries\net\neoforged\neoforge\21.1.227\neoforge-21.1.227-universal.jar]], reader: mod manifest]
[19ápr.2026 18:41:06.621] [main/DEBUG] [net.neoforged.fml.loading.moddiscovery.ModDiscoverer/SCAN]: Locator PathBasedLocator[name=neoforge, paths=[libraries\net\neoforged\neoforge\21.1.227\neoforge-21.1.227-universal.jar]] found 1 mods, 0 warnings, 0 errors and skipped 0 candidates
[19ápr.2026 18:41:06.621] [main/DEBUG] [net.neoforged.fml.loading.moddiscovery.ModDiscoverer/SCAN]: Trying locator {mods folder locator at C:\Users\Szila\Documents\susu\prog\GitHub\Kutya-Minecraft\mods}
[19ápr.2026 18:41:06.621] [main/DEBUG] [net.neoforged.fml.loading.moddiscovery.locators.ModsFolderLocator/SCAN]: Scanning mods dir C:\Users\Szila\Documents\susu\prog\GitHub\Kutya-Minecraft\mods for mods
[19ápr.2026 18:41:06.622] [main/DEBUG] [net.neoforged.fml.loading.moddiscovery.ModDiscoverer/SCAN]: Locator {mods folder locator at C:\Users\Szila\Documents\susu\prog\GitHub\Kutya-Minecraft\mods} found 0 mods, 0 warnings, 0 errors and skipped 0 candidates
[19ápr.2026 18:41:06.622] [main/DEBUG] [net.neoforged.fml.loading.moddiscovery.ModDiscoverer/SCAN]: Trying locator maven libs
[19ápr.2026 18:41:06.625] [main/DEBUG] [net.neoforged.fml.loading.moddiscovery.ModListHandler/CORE]: Found mod coordinates from lists: []
[19ápr.2026 18:41:06.625] [main/DEBUG] [net.neoforged.fml.loading.moddiscovery.ModDiscoverer/SCAN]: Locator maven libs found 0 mods, 0 warnings, 0 errors and skipped 0 candidates
[19ápr.2026 18:41:06.627] [main/DEBUG] [net.neoforged.fml.loading.moddiscovery.ModDiscoverer/SCAN]: Successfully Loaded 2 mods. Attempting to load dependencies...
[19ápr.2026 18:41:06.627] [main/DEBUG] [net.neoforged.fml.loading.moddiscovery.ModDiscoverer/SCAN]: Trying locator jarinjar
[19ápr.2026 18:41:06.629] [main/TRACE] [net.neoforged.fml.loading.moddiscovery.locators.JarInJarDependencyLocator/]: Failed to load resource META-INF\jarjar\metadata.json from server-1.21.1-20240808.144430-srg.jar, it does not contain dependency information.
[19ápr.2026 18:41:06.670] [main/DEBUG] [net.neoforged.fml.loading.moddiscovery.readers.JarModsDotTomlModFileReader/SCAN]: Found META-INF/MANIFEST.MF mod of type GAMELIBRARY: 
[19ápr.2026 18:41:06.672] [main/DEBUG] [net.neoforged.fml.loading.moddiscovery.readers.JarModsDotTomlModFileReader/SCAN]: Found META-INF/MANIFEST.MF mod of type LIBRARY: 
[19ápr.2026 18:41:06.672] [main/TRACE] [net.neoforged.fml.loading.moddiscovery.locators.JarInJarDependencyLocator/]: Failed to load resource META-INF\jarjar\metadata.json from mixinextras-neoforge-0.5.3.jar, it does not contain dependency information.
[19ápr.2026 18:41:06.672] [main/TRACE] [net.neoforged.fml.loading.moddiscovery.locators.JarInJarDependencyLocator/]: Failed to load resource META-INF\jarjar\metadata.json from net.neoforged.neoforge-coremods-21.1.227.jar, it does not contain dependency information.
[19ápr.2026 18:41:06.691] [main/DEBUG] [net.neoforged.fml.loading.moddiscovery.readers.JarModsDotTomlModFileReader/SCAN]: Found META-INF/MANIFEST.MF mod of type GAMELIBRARY: 
[19ápr.2026 18:41:06.692] [main/DEBUG] [net.neoforged.fml.loading.moddiscovery.readers.JarModsDotTomlModFileReader/SCAN]: Found META-INF/MANIFEST.MF mod of type LIBRARY: 
[19ápr.2026 18:41:06.694] [main/INFO] [net.neoforged.fml.loading.moddiscovery.locators.JarInJarDependencyLocator/]: Found 2 dependencies adding them to mods collection
[19ápr.2026 18:41:06.694] [main/INFO] [net.neoforged.fml.loading.moddiscovery.ModDiscoverer/SCAN]: Found gamelibrary file "mixinextras-neoforge-0.5.3.jar" [parent: neoforge-21.1.227-universal.jar, locator: jarinjar, reader: mod manifest]
[19ápr.2026 18:41:06.694] [main/INFO] [net.neoforged.fml.loading.moddiscovery.ModDiscoverer/SCAN]: Found library file "net.neoforged.neoforge-coremods-21.1.227.jar" [parent: neoforge-21.1.227-universal.jar, locator: jarinjar, reader: mod manifest]
[19ápr.2026 18:41:06.695] [main/INFO] [net.neoforged.fml.loading.moddiscovery.ModDiscoverer/]: 
     Mod List:
		Name Version (Mod Id)

		Minecraft 1.21.1 (minecraft)
		NeoForge 21.1.227 (neoforge)
[19ápr.2026 18:41:06.696] [main/DEBUG] [net.neoforged.fml.loading.moddiscovery.ModFileInfo/LOADING]: Found valid mod file server-1.21.1-20240808.144430-srg.jar with {minecraft} mods - versions {1.21.1}
[19ápr.2026 18:41:06.697] [main/DEBUG] [net.neoforged.fml.loading.moddiscovery.ModFile/LOADING]: Loading mod file C:\Users\Szila\Documents\susu\prog\GitHub\Kutya-Minecraft\libraries\net\minecraft\server\1.21.1-20240808.144430\server-1.21.1-20240808.144430-srg.jar with languages [LanguageSpec[languageName=minecraft, acceptedVersions=1]]
[19ápr.2026 18:41:06.697] [main/DEBUG] [net.neoforged.fml.loading.moddiscovery.ModFileParser/LOADING]: Considering mod file candidate C:\Users\Szila\Documents\susu\prog\GitHub\Kutya-Minecraft\libraries\net\neoforged\neoforge\21.1.227\neoforge-21.1.227-universal.jar
[19ápr.2026 18:41:06.698] [main/DEBUG] [net.neoforged.fml.loading.moddiscovery.ModFileInfo/LOADING]: Found valid mod file neoforge-21.1.227-universal.jar with {neoforge} mods - versions {21.1.227}
[19ápr.2026 18:41:06.698] [main/DEBUG] [net.neoforged.fml.loading.moddiscovery.ModFile/LOADING]: Loading mod file C:\Users\Szila\Documents\susu\prog\GitHub\Kutya-Minecraft\libraries\net\neoforged\neoforge\21.1.227\neoforge-21.1.227-universal.jar with languages [LanguageSpec[languageName=javafml, acceptedVersions=[3,]]]
[19ápr.2026 18:41:06.699] [main/DEBUG] [net.neoforged.fml.loading.moddiscovery.ModFile/LOADING]: Found mixin config MixinConfig[config=neoforge.mixins.json, requiredMods=[]]
[19ápr.2026 18:41:06.699] [main/DEBUG] [net.neoforged.fml.loading.moddiscovery.ModFile/LOADING]: Loading mod file  with languages []
[19ápr.2026 18:41:06.700] [main/DEBUG] [net.neoforged.fml.loading.moddiscovery.ModValidator/SCAN]: Found 3 mod files with 2 mods
[19ápr.2026 18:41:06.700] [main/DEBUG] [cpw.mods.modlauncher.TransformationServiceDecorator/MODLAUNCHER]: End scan trigger - transformation service fml
[19ápr.2026 18:41:06.706] [main/DEBUG] [net.neoforged.fml.util.ServiceLoaderUtil/CORE]: Found 3 implementations of IModLanguageLoader:
[19ápr.2026 18:41:06.706] [main/DEBUG] [net.neoforged.fml.util.ServiceLoaderUtil/CORE]: 	net.neoforged.fml.javafmlmod.FMLJavaModLanguageProvider from loader-4.0.42.jar
[19ápr.2026 18:41:06.706] [main/DEBUG] [net.neoforged.fml.util.ServiceLoaderUtil/CORE]: 	net.neoforged.fml.lowcodemod.LowCodeModLanguageProvider from loader-4.0.42.jar
[19ápr.2026 18:41:06.706] [main/DEBUG] [net.neoforged.fml.util.ServiceLoaderUtil/CORE]: 	net.neoforged.fml.mclanguageprovider.MinecraftModLanguageProvider from loader-4.0.42.jar
[19ápr.2026 18:41:06.706] [main/DEBUG] [net.neoforged.fml.loading.LanguageProviderLoader/CORE]: Found language provider javafml, version 4.0.42
[19ápr.2026 18:41:06.709] [main/DEBUG] [net.neoforged.fml.loading.LanguageProviderLoader/CORE]: Found language provider lowcodefml, version 4.0.42
[19ápr.2026 18:41:06.709] [main/DEBUG] [net.neoforged.fml.loading.LanguageProviderLoader/CORE]: Found language provider minecraft, version 4.0.42
[19ápr.2026 18:41:06.711] [main/DEBUG] [net.neoforged.fml.loading.ModSorter/]: Configured system mods: [minecraft, neoforge]
[19ápr.2026 18:41:06.712] [main/DEBUG] [net.neoforged.fml.loading.ModSorter/]: Found system mod: minecraft
[19ápr.2026 18:41:06.712] [main/DEBUG] [net.neoforged.fml.loading.ModSorter/]: Found system mod: neoforge
[19ápr.2026 18:41:06.713] [main/DEBUG] [net.neoforged.fml.loading.ModSorter/LOADING]: Found 0 mod requirements (0 mandatory, 0 optional)
[19ápr.2026 18:41:06.713] [main/DEBUG] [net.neoforged.fml.loading.ModSorter/LOADING]: Found 0 mod requirements missing (0 mandatory, 0 optional)
[19ápr.2026 18:41:06.724] [main/DEBUG] [net.neoforged.fml.loading.FMLLoader/SCAN]: Adding Access Transformer in C:\Users\Szila\Documents\susu\prog\GitHub\Kutya-Minecraft\libraries\net\neoforged\neoforge\21.1.227\neoforge-21.1.227-universal.jar
[19ápr.2026 18:41:06.728] [main/DEBUG] [AXFORM/AXFORM]: Loading access transformer accesstransformer.cfg
[19ápr.2026 18:41:06.805] [main/DEBUG] [AXFORM/AXFORM]: Loaded access transformer accesstransformer.cfg
[19ápr.2026 18:41:06.807] [main/DEBUG] [mixin/]: Adding mixin platform agents for container net.neoforged.fml.loading.mixin.FMLMixinContainerHandle@41477a6d
[19ápr.2026 18:41:06.807] [main/DEBUG] [mixin/]: Instancing new MixinPlatformAgentMinecraftForge for net.neoforged.fml.loading.mixin.FMLMixinContainerHandle@41477a6d
[19ápr.2026 18:41:06.807] [main/DEBUG] [mixin/]: MixinPlatformAgentMinecraftForge rejected container net.neoforged.fml.loading.mixin.FMLMixinContainerHandle@41477a6d
[19ápr.2026 18:41:06.807] [main/DEBUG] [mixin/]: Instancing new MixinPlatformAgentDefault for net.neoforged.fml.loading.mixin.FMLMixinContainerHandle@41477a6d
[19ápr.2026 18:41:06.807] [main/DEBUG] [mixin/]: MixinPlatformAgentDefault accepted container net.neoforged.fml.loading.mixin.FMLMixinContainerHandle@41477a6d
[19ápr.2026 18:41:06.807] [main/DEBUG] [mixin/]: Instancing new FMLMixinPlatformAgent for net.neoforged.fml.loading.mixin.FMLMixinContainerHandle@41477a6d
[19ápr.2026 18:41:06.807] [main/DEBUG] [mixin/]: FMLMixinPlatformAgent accepted container net.neoforged.fml.loading.mixin.FMLMixinContainerHandle@41477a6d
[19ápr.2026 18:41:06.817] [main/DEBUG] [cpw.mods.modlauncher.TransformationServicesHandler/MODLAUNCHER]: Transformation services loading transformers
[19ápr.2026 18:41:06.818] [main/DEBUG] [cpw.mods.modlauncher.TransformationServiceDecorator/MODLAUNCHER]: Initializing transformers for transformation service mixin
[19ápr.2026 18:41:06.818] [main/DEBUG] [cpw.mods.modlauncher.TransformationServiceDecorator/MODLAUNCHER]: Initialized transformers for transformation service mixin
[19ápr.2026 18:41:06.818] [main/DEBUG] [cpw.mods.modlauncher.TransformationServiceDecorator/MODLAUNCHER]: Initializing transformers for transformation service fml
[19ápr.2026 18:41:06.818] [main/DEBUG] [net.neoforged.fml.loading.FMLServiceProvider/LOADING]: Loading coremod transformers
[19ápr.2026 18:41:06.818] [main/DEBUG] [net.neoforged.fml.loading.FMLServiceProvider/CORE]: Not loading coremod script-engine since no mod requested it
[19ápr.2026 18:41:06.819] [main/DEBUG] [net.neoforged.fml.util.ServiceLoaderUtil/CORE]: Found 1 implementations of ICoreMod:
[19ápr.2026 18:41:06.822] [main/DEBUG] [net.neoforged.fml.util.ServiceLoaderUtil/CORE]: 	net.neoforged.neoforge.coremods.NeoForgeCoreMod from neoforge-21.1.227-universal.jar > net.neoforged.neoforge-coremods-21.1.227.jar
[19ápr.2026 18:41:06.825] [main/DEBUG] [net.neoforged.fml.loading.FMLServiceProvider/CORE]: Adding [Target[className=net.minecraft.world.level.biome.Biome, elementName=, elementDescriptor=, targetType=cpw.mods.modlauncher.api.TargetType@5b7a8434]] transformer from core-mod net.neoforged.neoforge.coremods.NeoForgeCoreMod@69ce2f62 in neoforge-21.1.227-universal.jar > net.neoforged.neoforge-coremods-21.1.227.jar
[19ápr.2026 18:41:06.825] [main/DEBUG] [net.neoforged.fml.loading.FMLServiceProvider/CORE]: Adding [Target[className=net.minecraft.world.level.levelgen.structure.Structure, elementName=, elementDescriptor=, targetType=cpw.mods.modlauncher.api.TargetType@5b7a8434]] transformer from core-mod net.neoforged.neoforge.coremods.NeoForgeCoreMod@69ce2f62 in neoforge-21.1.227-universal.jar > net.neoforged.neoforge-coremods-21.1.227.jar
[19ápr.2026 18:41:06.825] [main/DEBUG] [net.neoforged.fml.loading.FMLServiceProvider/CORE]: Adding [Target[className=net.minecraft.world.level.block.FlowerPotBlock, elementName=, elementDescriptor=, targetType=cpw.mods.modlauncher.api.TargetType@5b7a8434]] transformer from core-mod net.neoforged.neoforge.coremods.NeoForgeCoreMod@69ce2f62 in neoforge-21.1.227-universal.jar > net.neoforged.neoforge-coremods-21.1.227.jar
[19ápr.2026 18:41:06.826] [main/DEBUG] [net.neoforged.fml.loading.FMLServiceProvider/CORE]: Adding [Target[className=net/minecraft/world/level/levelgen/structure/structures/WoodlandMansionPieces$WoodlandMansionPiece, elementName=, elementDescriptor=, targetType=cpw.mods.modlauncher.api.TargetType@5b7a8434], Target[className=net/minecraft/world/entity/ai/village/VillageSiege, elementName=, elementDescriptor=, targetType=cpw.mods.modlauncher.api.TargetType@5b7a8434], Target[className=net/minecraft/world/level/NaturalSpawner, elementName=, elementDescriptor=, targetType=cpw.mods.modlauncher.api.TargetType@5b7a8434], Target[className=net/minecraft/world/entity/monster/Zombie, elementName=, elementDescriptor=, targetType=cpw.mods.modlauncher.api.TargetType@5b7a8434], Target[className=net/minecraft/world/entity/monster/Spider, elementName=, elementDescriptor=, targetType=cpw.mods.modlauncher.api.TargetType@5b7a8434], Target[className=net/minecraft/world/level/levelgen/structure/structures/OceanRuinPieces$OceanRuinPiece, elementName=, elementDescriptor=, targetType=cpw.mods.modlauncher.api.TargetType@5b7a8434], Target[className=net/minecraft/world/entity/monster/Strider, elementName=, elementDescriptor=, targetType=cpw.mods.modlauncher.api.TargetType@5b7a8434], Target[className=net/minecraft/world/entity/animal/horse/SkeletonTrapGoal, elementName=, elementDescriptor=, targetType=cpw.mods.modlauncher.api.TargetType@5b7a8434], Target[className=net/minecraft/server/commands/SummonCommand, elementName=, elementDescriptor=, targetType=cpw.mods.modlauncher.api.TargetType@5b7a8434], Target[className=net/minecraft/world/entity/EntityType, elementName=, elementDescriptor=, targetType=cpw.mods.modlauncher.api.TargetType@5b7a8434], Target[className=net/minecraft/server/commands/RaidCommand, elementName=, elementDescriptor=, targetType=cpw.mods.modlauncher.api.TargetType@5b7a8434], Target[className=net/minecraft/world/entity/npc/CatSpawner, elementName=, elementDescriptor=, targetType=cpw.mods.modlauncher.api.TargetType@5b7a8434], Target[className=net/minecraft/world/entity/monster/Evoker$EvokerSummonSpellGoal, elementName=, elementDescriptor=, targetType=cpw.mods.modlauncher.api.TargetType@5b7a8434], Target[className=net/minecraft/world/level/levelgen/structure/structures/OceanMonumentPieces$OceanMonumentPiece, elementName=, elementDescriptor=, targetType=cpw.mods.modlauncher.api.TargetType@5b7a8434], Target[className=net/minecraft/world/entity/animal/frog/Tadpole, elementName=, elementDescriptor=, targetType=cpw.mods.modlauncher.api.TargetType@5b7a8434], Target[className=net/minecraft/world/level/levelgen/structure/structures/SwampHutPiece, elementName=, elementDescriptor=, targetType=cpw.mods.modlauncher.api.TargetType@5b7a8434], Target[className=net/minecraft/world/entity/raid/Raid, elementName=, elementDescriptor=, targetType=cpw.mods.modlauncher.api.TargetType@5b7a8434], Target[className=net/minecraft/world/level/levelgen/structure/templatesystem/StructureTemplate, elementName=, elementDescriptor=, targetType=cpw.mods.modlauncher.api.TargetType@5b7a8434], Target[className=net/minecraft/world/level/levelgen/PatrolSpawner, elementName=, elementDescriptor=, targetType=cpw.mods.modlauncher.api.TargetType@5b7a8434], Target[className=net/minecraft/world/entity/npc/Villager, elementName=, elementDescriptor=, targetType=cpw.mods.modlauncher.api.TargetType@5b7a8434], Target[className=net/minecraft/world/entity/monster/ZombieVillager, elementName=, elementDescriptor=, targetType=cpw.mods.modlauncher.api.TargetType@5b7a8434], Target[className=net/minecraft/world/level/levelgen/PhantomSpawner, elementName=, elementDescriptor=, targetType=cpw.mods.modlauncher.api.TargetType@5b7a8434]] transformer from core-mod net.neoforged.neoforge.coremods.NeoForgeCoreMod@69ce2f62 in neoforge-21.1.227-universal.jar > net.neoforged.neoforge-coremods-21.1.227.jar
[19ápr.2026 18:41:06.827] [main/DEBUG] [cpw.mods.modlauncher.TransformStore/MODLAUNCHER]: Adding transformer net.neoforged.neoforge.coremods.ReplaceFieldWithGetterAccess@2e3a5237 to Target : cpw.mods.modlauncher.api.TargetType@5b7a8434 {Lnet/minecraft/world/level/biome/Biome;} {} {V}
[19ápr.2026 18:41:06.828] [main/DEBUG] [cpw.mods.modlauncher.TransformStore/MODLAUNCHER]: Adding transformer net.neoforged.neoforge.coremods.ReplaceFieldWithGetterAccess@c3fa05a to Target : cpw.mods.modlauncher.api.TargetType@5b7a8434 {Lnet/minecraft/world/level/levelgen/structure/Structure;} {} {V}
[19ápr.2026 18:41:06.828] [main/DEBUG] [cpw.mods.modlauncher.TransformStore/MODLAUNCHER]: Adding transformer net.neoforged.neoforge.coremods.ReplaceFieldWithGetterAccess@7b44b63d to Target : cpw.mods.modlauncher.api.TargetType@5b7a8434 {Lnet/minecraft/world/level/block/FlowerPotBlock;} {} {V}
[19ápr.2026 18:41:06.828] [main/DEBUG] [cpw.mods.modlauncher.TransformStore/MODLAUNCHER]: Adding transformer net.neoforged.neoforge.coremods.MethodRedirector@4a699efa to Target : cpw.mods.modlauncher.api.TargetType@5b7a8434 {Lnet/minecraft/world/level/levelgen/structure/structures/WoodlandMansionPieces$WoodlandMansionPiece;} {} {V}
[19ápr.2026 18:41:06.828] [main/DEBUG] [cpw.mods.modlauncher.TransformStore/MODLAUNCHER]: Adding transformer net.neoforged.neoforge.coremods.MethodRedirector@4a699efa to Target : cpw.mods.modlauncher.api.TargetType@5b7a8434 {Lnet/minecraft/world/entity/ai/village/VillageSiege;} {} {V}
[19ápr.2026 18:41:06.828] [main/DEBUG] [cpw.mods.modlauncher.TransformStore/MODLAUNCHER]: Adding transformer net.neoforged.neoforge.coremods.MethodRedirector@4a699efa to Target : cpw.mods.modlauncher.api.TargetType@5b7a8434 {Lnet/minecraft/world/level/NaturalSpawner;} {} {V}
[19ápr.2026 18:41:06.828] [main/DEBUG] [cpw.mods.modlauncher.TransformStore/MODLAUNCHER]: Adding transformer net.neoforged.neoforge.coremods.MethodRedirector@4a699efa to Target : cpw.mods.modlauncher.api.TargetType@5b7a8434 {Lnet/minecraft/world/entity/monster/Zombie;} {} {V}
[19ápr.2026 18:41:06.828] [main/DEBUG] [cpw.mods.modlauncher.TransformStore/MODLAUNCHER]: Adding transformer net.neoforged.neoforge.coremods.MethodRedirector@4a699efa to Target : cpw.mods.modlauncher.api.TargetType@5b7a8434 {Lnet/minecraft/world/entity/monster/Spider;} {} {V}
[19ápr.2026 18:41:06.828] [main/DEBUG] [cpw.mods.modlauncher.TransformStore/MODLAUNCHER]: Adding transformer net.neoforged.neoforge.coremods.MethodRedirector@4a699efa to Target : cpw.mods.modlauncher.api.TargetType@5b7a8434 {Lnet/minecraft/world/level/levelgen/structure/structures/OceanRuinPieces$OceanRuinPiece;} {} {V}
[19ápr.2026 18:41:06.828] [main/DEBUG] [cpw.mods.modlauncher.TransformStore/MODLAUNCHER]: Adding transformer net.neoforged.neoforge.coremods.MethodRedirector@4a699efa to Target : cpw.mods.modlauncher.api.TargetType@5b7a8434 {Lnet/minecraft/world/entity/monster/Strider;} {} {V}
[19ápr.2026 18:41:06.828] [main/DEBUG] [cpw.mods.modlauncher.TransformStore/MODLAUNCHER]: Adding transformer net.neoforged.neoforge.coremods.MethodRedirector@4a699efa to Target : cpw.mods.modlauncher.api.TargetType@5b7a8434 {Lnet/minecraft/world/entity/animal/horse/SkeletonTrapGoal;} {} {V}
[19ápr.2026 18:41:06.828] [main/DEBUG] [cpw.mods.modlauncher.TransformStore/MODLAUNCHER]: Adding transformer net.neoforged.neoforge.coremods.MethodRedirector@4a699efa to Target : cpw.mods.modlauncher.api.TargetType@5b7a8434 {Lnet/minecraft/server/commands/SummonCommand;} {} {V}
[19ápr.2026 18:41:06.828] [main/DEBUG] [cpw.mods.modlauncher.TransformStore/MODLAUNCHER]: Adding transformer net.neoforged.neoforge.coremods.MethodRedirector@4a699efa to Target : cpw.mods.modlauncher.api.TargetType@5b7a8434 {Lnet/minecraft/world/entity/EntityType;} {} {V}
[19ápr.2026 18:41:06.828] [main/DEBUG] [cpw.mods.modlauncher.TransformStore/MODLAUNCHER]: Adding transformer net.neoforged.neoforge.coremods.MethodRedirector@4a699efa to Target : cpw.mods.modlauncher.api.TargetType@5b7a8434 {Lnet/minecraft/server/commands/RaidCommand;} {} {V}
[19ápr.2026 18:41:06.828] [main/DEBUG] [cpw.mods.modlauncher.TransformStore/MODLAUNCHER]: Adding transformer net.neoforged.neoforge.coremods.MethodRedirector@4a699efa to Target : cpw.mods.modlauncher.api.TargetType@5b7a8434 {Lnet/minecraft/world/entity/npc/CatSpawner;} {} {V}
[19ápr.2026 18:41:06.828] [main/DEBUG] [cpw.mods.modlauncher.TransformStore/MODLAUNCHER]: Adding transformer net.neoforged.neoforge.coremods.MethodRedirector@4a699efa to Target : cpw.mods.modlauncher.api.TargetType@5b7a8434 {Lnet/minecraft/world/entity/monster/Evoker$EvokerSummonSpellGoal;} {} {V}
[19ápr.2026 18:41:06.828] [main/DEBUG] [cpw.mods.modlauncher.TransformStore/MODLAUNCHER]: Adding transformer net.neoforged.neoforge.coremods.MethodRedirector@4a699efa to Target : cpw.mods.modlauncher.api.TargetType@5b7a8434 {Lnet/minecraft/world/level/levelgen/structure/structures/OceanMonumentPieces$OceanMonumentPiece;} {} {V}
[19ápr.2026 18:41:06.828] [main/DEBUG] [cpw.mods.modlauncher.TransformStore/MODLAUNCHER]: Adding transformer net.neoforged.neoforge.coremods.MethodRedirector@4a699efa to Target : cpw.mods.modlauncher.api.TargetType@5b7a8434 {Lnet/minecraft/world/entity/animal/frog/Tadpole;} {} {V}
[19ápr.2026 18:41:06.828] [main/DEBUG] [cpw.mods.modlauncher.TransformStore/MODLAUNCHER]: Adding transformer net.neoforged.neoforge.coremods.MethodRedirector@4a699efa to Target : cpw.mods.modlauncher.api.TargetType@5b7a8434 {Lnet/minecraft/world/level/levelgen/structure/structures/SwampHutPiece;} {} {V}
[19ápr.2026 18:41:06.828] [main/DEBUG] [cpw.mods.modlauncher.TransformStore/MODLAUNCHER]: Adding transformer net.neoforged.neoforge.coremods.MethodRedirector@4a699efa to Target : cpw.mods.modlauncher.api.TargetType@5b7a8434 {Lnet/minecraft/world/entity/raid/Raid;} {} {V}
[19ápr.2026 18:41:06.830] [main/DEBUG] [cpw.mods.modlauncher.TransformStore/MODLAUNCHER]: Adding transformer net.neoforged.neoforge.coremods.MethodRedirector@4a699efa to Target : cpw.mods.modlauncher.api.TargetType@5b7a8434 {Lnet/minecraft/world/level/levelgen/structure/templatesystem/StructureTemplate;} {} {V}
[19ápr.2026 18:41:06.830] [main/DEBUG] [cpw.mods.modlauncher.TransformStore/MODLAUNCHER]: Adding transformer net.neoforged.neoforge.coremods.MethodRedirector@4a699efa to Target : cpw.mods.modlauncher.api.TargetType@5b7a8434 {Lnet/minecraft/world/level/levelgen/PatrolSpawner;} {} {V}
[19ápr.2026 18:41:06.830] [main/DEBUG] [cpw.mods.modlauncher.TransformStore/MODLAUNCHER]: Adding transformer net.neoforged.neoforge.coremods.MethodRedirector@4a699efa to Target : cpw.mods.modlauncher.api.TargetType@5b7a8434 {Lnet/minecraft/world/entity/npc/Villager;} {} {V}
[19ápr.2026 18:41:06.830] [main/DEBUG] [cpw.mods.modlauncher.TransformStore/MODLAUNCHER]: Adding transformer net.neoforged.neoforge.coremods.MethodRedirector@4a699efa to Target : cpw.mods.modlauncher.api.TargetType@5b7a8434 {Lnet/minecraft/world/entity/monster/ZombieVillager;} {} {V}
[19ápr.2026 18:41:06.830] [main/DEBUG] [cpw.mods.modlauncher.TransformStore/MODLAUNCHER]: Adding transformer net.neoforged.neoforge.coremods.MethodRedirector@4a699efa to Target : cpw.mods.modlauncher.api.TargetType@5b7a8434 {Lnet/minecraft/world/level/levelgen/PhantomSpawner;} {} {V}
[19ápr.2026 18:41:06.830] [main/DEBUG] [cpw.mods.modlauncher.TransformationServiceDecorator/MODLAUNCHER]: Initialized transformers for transformation service fml
[19ápr.2026 18:41:06.914] [main/DEBUG] [mixin/]: Processing prepare() for PlatformAgent[MixinPlatformAgentDefault:ModLauncher Root Container(ModLauncher:4f56a0a2)]
[19ápr.2026 18:41:06.914] [main/DEBUG] [mixin/]: Processing prepare() for PlatformAgent[MixinPlatformAgentDefault:net.neoforged.fml.loading.mixin.FMLMixinContainerHandle@41477a6d]
[19ápr.2026 18:41:06.914] [main/DEBUG] [mixin/]: Processing prepare() for PlatformAgent[FMLMixinPlatformAgent:null]
[19ápr.2026 18:41:06.940] [main/DEBUG] [mixin/]: Processing launch tasks for PlatformAgent[MixinPlatformAgentDefault:ModLauncher Root Container(ModLauncher:4f56a0a2)]
[19ápr.2026 18:41:06.940] [main/DEBUG] [mixin/]: Adding mixin platform agents for container SecureJarResource(mixin_synthetic)
[19ápr.2026 18:41:06.941] [main/DEBUG] [mixin/]: Instancing new MixinPlatformAgentMinecraftForge for SecureJarResource(mixin_synthetic)
[19ápr.2026 18:41:06.941] [main/DEBUG] [mixin/]: MixinPlatformAgentMinecraftForge rejected container SecureJarResource(mixin_synthetic)
[19ápr.2026 18:41:06.941] [main/DEBUG] [mixin/]: Instancing new MixinPlatformAgentDefault for SecureJarResource(mixin_synthetic)
[19ápr.2026 18:41:06.941] [main/DEBUG] [mixin/]: MixinPlatformAgentDefault accepted container SecureJarResource(mixin_synthetic)
[19ápr.2026 18:41:06.941] [main/DEBUG] [mixin/]: Instancing new FMLMixinPlatformAgent for SecureJarResource(mixin_synthetic)
[19ápr.2026 18:41:06.941] [main/DEBUG] [mixin/]: FMLMixinPlatformAgent rejected container SecureJarResource(mixin_synthetic)
[19ápr.2026 18:41:06.941] [main/DEBUG] [mixin/]: Processing prepare() for PlatformAgent[MixinPlatformAgentDefault:SecureJarResource(mixin_synthetic)]
[19ápr.2026 18:41:06.941] [main/DEBUG] [mixin/]: Adding mixin platform agents for container SecureJarResource(minecraft)
[19ápr.2026 18:41:06.941] [main/DEBUG] [mixin/]: Instancing new MixinPlatformAgentMinecraftForge for SecureJarResource(minecraft)
[19ápr.2026 18:41:06.941] [main/DEBUG] [mixin/]: MixinPlatformAgentMinecraftForge rejected container SecureJarResource(minecraft)
[19ápr.2026 18:41:06.941] [main/DEBUG] [mixin/]: Instancing new MixinPlatformAgentDefault for SecureJarResource(minecraft)
[19ápr.2026 18:41:06.941] [main/DEBUG] [mixin/]: MixinPlatformAgentDefault accepted container SecureJarResource(minecraft)
[19ápr.2026 18:41:06.941] [main/DEBUG] [mixin/]: Instancing new FMLMixinPlatformAgent for SecureJarResource(minecraft)
[19ápr.2026 18:41:06.941] [main/DEBUG] [mixin/]: FMLMixinPlatformAgent rejected container SecureJarResource(minecraft)
[19ápr.2026 18:41:06.942] [main/DEBUG] [mixin/]: Processing prepare() for PlatformAgent[MixinPlatformAgentDefault:SecureJarResource(minecraft)]
[19ápr.2026 18:41:06.942] [main/DEBUG] [mixin/]: Adding mixin platform agents for container SecureJarResource(neoforge)
[19ápr.2026 18:41:06.942] [main/DEBUG] [mixin/]: Instancing new MixinPlatformAgentMinecraftForge for SecureJarResource(neoforge)
[19ápr.2026 18:41:06.942] [main/DEBUG] [mixin/]: MixinPlatformAgentMinecraftForge rejected container SecureJarResource(neoforge)
[19ápr.2026 18:41:06.942] [main/DEBUG] [mixin/]: Instancing new MixinPlatformAgentDefault for SecureJarResource(neoforge)
[19ápr.2026 18:41:06.942] [main/DEBUG] [mixin/]: MixinPlatformAgentDefault accepted container SecureJarResource(neoforge)
[19ápr.2026 18:41:06.942] [main/DEBUG] [mixin/]: Instancing new FMLMixinPlatformAgent for SecureJarResource(neoforge)
[19ápr.2026 18:41:06.942] [main/DEBUG] [mixin/]: FMLMixinPlatformAgent rejected container SecureJarResource(neoforge)
[19ápr.2026 18:41:06.942] [main/DEBUG] [mixin/]: Processing prepare() for PlatformAgent[MixinPlatformAgentDefault:SecureJarResource(neoforge)]
[19ápr.2026 18:41:06.942] [main/DEBUG] [mixin/]: Adding mixin platform agents for container SecureJarResource(mixinextras.neoforge)
[19ápr.2026 18:41:06.942] [main/DEBUG] [mixin/]: Instancing new MixinPlatformAgentMinecraftForge for SecureJarResource(mixinextras.neoforge)
[19ápr.2026 18:41:06.942] [main/DEBUG] [mixin/]: MixinPlatformAgentMinecraftForge rejected container SecureJarResource(mixinextras.neoforge)
[19ápr.2026 18:41:06.942] [main/DEBUG] [mixin/]: Instancing new MixinPlatformAgentDefault for SecureJarResource(mixinextras.neoforge)
[19ápr.2026 18:41:06.942] [main/DEBUG] [mixin/]: MixinPlatformAgentDefault accepted container SecureJarResource(mixinextras.neoforge)
[19ápr.2026 18:41:06.942] [main/DEBUG] [mixin/]: Instancing new FMLMixinPlatformAgent for SecureJarResource(mixinextras.neoforge)
[19ápr.2026 18:41:06.942] [main/DEBUG] [mixin/]: FMLMixinPlatformAgent rejected container SecureJarResource(mixinextras.neoforge)
[19ápr.2026 18:41:06.942] [main/DEBUG] [mixin/]: Processing prepare() for PlatformAgent[MixinPlatformAgentDefault:SecureJarResource(mixinextras.neoforge)]
[19ápr.2026 18:41:06.942] [main/DEBUG] [mixin/]: Registering mixin config: mixinextras.init.mixins.json source=SecureJarResource(mixinextras.neoforge)
[19ápr.2026 18:41:06.944] [main/DEBUG] [mixin/]: inject() running with 6 agents
[19ápr.2026 18:41:06.944] [main/DEBUG] [mixin/]: Processing inject() for PlatformAgent[MixinPlatformAgentDefault:ModLauncher Root Container(ModLauncher:4f56a0a2)]
[19ápr.2026 18:41:06.944] [main/DEBUG] [mixin/]: Processing inject() for PlatformAgent[MixinPlatformAgentDefault:net.neoforged.fml.loading.mixin.FMLMixinContainerHandle@41477a6d]
[19ápr.2026 18:41:06.944] [main/DEBUG] [mixin/]: Processing inject() for PlatformAgent[FMLMixinPlatformAgent:null]
[19ápr.2026 18:41:06.944] [main/DEBUG] [mixin/]: Processing inject() for PlatformAgent[MixinPlatformAgentDefault:SecureJarResource(mixin_synthetic)]
[19ápr.2026 18:41:06.944] [main/DEBUG] [mixin/]: Processing inject() for PlatformAgent[MixinPlatformAgentDefault:SecureJarResource(minecraft)]
[19ápr.2026 18:41:06.944] [main/DEBUG] [mixin/]: Processing inject() for PlatformAgent[MixinPlatformAgentDefault:SecureJarResource(neoforge)]
[19ápr.2026 18:41:06.944] [main/DEBUG] [mixin/]: Processing inject() for PlatformAgent[MixinPlatformAgentDefault:SecureJarResource(mixinextras.neoforge)]
[19ápr.2026 18:41:06.944] [main/INFO] [cpw.mods.modlauncher.LaunchServiceHandler/MODLAUNCHER]: Launching target 'forgeserver' with arguments []
[19ápr.2026 18:41:06.986] [main/DEBUG] [mixin/]: Preparing mixins for MixinEnvironment[DEFAULT]
[19ápr.2026 18:41:06.986] [main/DEBUG] [mixin/]: Selecting config neoforge.mixins.json
[19ápr.2026 18:41:06.989] [main/DEBUG] [mixin/]: Selecting config mixinextras.init.mixins.json
[19ápr.2026 18:41:07.020] [main/DEBUG] [MixinExtras|Service/]: com.llamalad7.mixinextras.service.MixinExtrasServiceImpl(version=0.5.3) is taking over from null
[19ápr.2026 18:41:07.038] [main/DEBUG] [mixin/]: Registering new injector for @Inject with org.spongepowered.asm.mixin.injection.struct.CallbackInjectionInfo
[19ápr.2026 18:41:07.040] [main/DEBUG] [mixin/]: Registering new injector for @ModifyArg with org.spongepowered.asm.mixin.injection.struct.ModifyArgInjectionInfo
[19ápr.2026 18:41:07.041] [main/DEBUG] [mixin/]: Registering new injector for @ModifyArgs with org.spongepowered.asm.mixin.injection.struct.ModifyArgsInjectionInfo
[19ápr.2026 18:41:07.042] [main/DEBUG] [mixin/]: Registering new injector for @Redirect with org.spongepowered.asm.mixin.injection.struct.RedirectInjectionInfo
[19ápr.2026 18:41:07.043] [main/DEBUG] [mixin/]: Registering new injector for @ModifyVariable with org.spongepowered.asm.mixin.injection.struct.ModifyVariableInjectionInfo
[19ápr.2026 18:41:07.043] [main/DEBUG] [mixin/]: Registering new injector for @ModifyConstant with org.spongepowered.asm.mixin.injection.struct.ModifyConstantInjectionInfo
[19ápr.2026 18:41:07.053] [main/DEBUG] [mixin/]: Preparing neoforge.mixins.json (2)
[19ápr.2026 18:41:07.065] [main/DEBUG] [net.neoforged.accesstransformer.AccessTransformer/AXFORM]: Transforming net.minecraft.world.level.block.entity.BlockEntityType INNERCLASS BlockEntitySupplier to access PUBLIC and LEAVE
[19ápr.2026 18:41:07.080] [main/TRACE] [mixin/]: Added class metadata for net/minecraft/world/level/block/entity/BlockEntityType to metadata cache
[19ápr.2026 18:41:07.083] [main/TRACE] [mixin/]: Added class metadata for net/minecraft/core/MappedRegistry to metadata cache
[19ápr.2026 18:41:07.084] [main/DEBUG] [mixin/]: Preparing mixinextras.init.mixins.json (0)
[19ápr.2026 18:41:07.159] [main/DEBUG] [io.netty.util.internal.logging.InternalLoggerFactory/]: Using SLF4J as the default logging framework
[19ápr.2026 18:41:07.161] [main/DEBUG] [io.netty.util.ResourceLeakDetector/]: -Dio.netty.leakDetection.level: simple
[19ápr.2026 18:41:07.161] [main/DEBUG] [io.netty.util.ResourceLeakDetector/]: -Dio.netty.leakDetection.targetRecords: 4
[19ápr.2026 18:41:07.274] [main/DEBUG] [oshi.util.FileUtil/]: No oshi.properties file found from ClassLoader cpw.mods.modlauncher.TransformingClassLoader@bd2f5a9
[19ápr.2026 18:41:07.275] [main/DEBUG] [oshi.util.FileUtil/]: No oshi.properties file found from ClassLoader jdk.internal.loader.ClassLoaders$AppClassLoader@28a418fc
[19ápr.2026 18:41:07.514] [main/DEBUG] [oshi.util.FileUtil/]: No oshi.architecture.properties file found from ClassLoader cpw.mods.modlauncher.TransformingClassLoader@bd2f5a9
[19ápr.2026 18:41:07.515] [main/DEBUG] [oshi.util.FileUtil/]: No oshi.architecture.properties file found from ClassLoader jdk.internal.loader.ClassLoaders$AppClassLoader@28a418fc
[19ápr.2026 18:41:07.550] [main/WARN] [oshi.driver.windows.perfmon.PerfmonDisabled/]: Invalid registry value type detected for PerfOS counters. Should be REG_DWORD. Ignoring: HKEY_LOCAL_MACHINE\SYSTEM\CurrentControlSet\Services\PerfOS\Performance\Disable Performance Counters.
[19ápr.2026 18:41:07.948] [main/INFO] [MixinExtras|Service/]: Initializing MixinExtras via com.llamalad7.mixinextras.service.MixinExtrasServiceImpl(version=0.5.3).
[19ápr.2026 18:41:07.949] [main/DEBUG] [mixin/]: Registering new injector for @SugarWrapper with com.llamalad7.mixinextras.sugar.impl.SugarWrapperInjectionInfo
[19ápr.2026 18:41:07.949] [main/DEBUG] [mixin/]: Registering new injector for @FactoryRedirectWrapper with com.llamalad7.mixinextras.wrapper.factory.FactoryRedirectWrapperInjectionInfo
[19ápr.2026 18:41:07.949] [main/DEBUG] [mixin/]: Registering new injector for @ExpressionInjectorWrapper with com.llamalad7.mixinextras.expression.impl.wrapper.ExpressionInjectorWrapperInjectionInfo
[19ápr.2026 18:41:07.955] [main/DEBUG] [mixin/]: Mixing MappedRegistryAccessor from neoforge.mixins.json into net.minecraft.core.MappedRegistry
[19ápr.2026 18:41:07.958] [main/DEBUG] [mixin/]: neoforge.mixins.json:MappedRegistryAccessor from mod neoforge: Class version 65 required is higher than the class version supported by the current version of Mixin (JAVA_16 supports class version 60)
[19ápr.2026 18:41:08.479] [main/DEBUG] [mixin/]: Mixing BlockEntityTypeAccessor from neoforge.mixins.json into net.minecraft.world.level.block.entity.BlockEntityType
[19ápr.2026 18:41:08.480] [main/DEBUG] [mixin/]: neoforge.mixins.json:BlockEntityTypeAccessor from mod neoforge: Class version 65 required is higher than the class version supported by the current version of Mixin (JAVA_16 supports class version 60)
[19ápr.2026 18:41:09.161] [main/DEBUG] [io.netty.util.internal.PlatformDependent0/]: -Dio.netty.noUnsafe: false
[19ápr.2026 18:41:09.162] [main/DEBUG] [io.netty.util.internal.PlatformDependent0/]: Java version: 26
[19ápr.2026 18:41:09.162] [main/DEBUG] [io.netty.util.internal.PlatformDependent0/]: sun.misc.Unsafe.theUnsafe: available
[19ápr.2026 18:41:09.163] [main/DEBUG] [io.netty.util.internal.PlatformDependent0/]: sun.misc.Unsafe.copyMemory: available
[19ápr.2026 18:41:09.163] [main/DEBUG] [io.netty.util.internal.PlatformDependent0/]: sun.misc.Unsafe.storeFence: available
[19ápr.2026 18:41:09.163] [main/DEBUG] [io.netty.util.internal.PlatformDependent0/]: java.nio.Buffer.address: available
[19ápr.2026 18:41:09.163] [main/DEBUG] [io.netty.util.internal.PlatformDependent0/]: java.nio.Bits.unaligned: available, true
[19ápr.2026 18:41:09.164] [main/DEBUG] [io.netty.util.internal.PlatformDependent0/]: java.nio.DirectByteBuffer.<init>(long, {int,long}): unavailable
[19ápr.2026 18:41:09.164] [main/DEBUG] [io.netty.util.internal.PlatformDependent/]: sun.misc.Unsafe: available
[19ápr.2026 18:41:09.165] [main/DEBUG] [io.netty.util.internal.PlatformDependent/]: maxDirectMemory: 8568963072 bytes (maybe)
[19ápr.2026 18:41:09.165] [main/DEBUG] [io.netty.util.internal.PlatformDependent/]: -Dio.netty.tmpdir: C:\Users\Szila\AppData\Local\Temp (java.io.tmpdir)
[19ápr.2026 18:41:09.165] [main/DEBUG] [io.netty.util.internal.PlatformDependent/]: -Dio.netty.bitMode: 64 (sun.arch.data.model)
[19ápr.2026 18:41:09.165] [main/DEBUG] [io.netty.util.internal.PlatformDependent/]: Platform: Windows
[19ápr.2026 18:41:09.165] [main/DEBUG] [io.netty.util.internal.PlatformDependent/]: -Dio.netty.maxDirectMemory: -1 bytes
[19ápr.2026 18:41:09.165] [main/DEBUG] [io.netty.util.internal.PlatformDependent/]: -Dio.netty.uninitializedArrayAllocationThreshold: -1
[19ápr.2026 18:41:09.166] [main/DEBUG] [io.netty.util.internal.CleanerJava9/]: java.nio.ByteBuffer.cleaner(): available
[19ápr.2026 18:41:09.166] [main/DEBUG] [io.netty.util.internal.PlatformDependent/]: -Dio.netty.noPreferDirect: false
[19ápr.2026 18:41:10.606] [main/DEBUG] [net.neoforged.fml.ModWorkManager/LOADING]: Using 32 threads for parallel mod-loading
[19ápr.2026 18:41:10.614] [main/DEBUG] [net.neoforged.fml.javafmlmod.FMLModContainer/LOADING]: Creating FMLModContainer instance for [net.neoforged.neoforge.common.NeoForgeMod]
[19ápr.2026 18:41:10.629] [modloading-worker-0/DEBUG] [net.neoforged.neoforge.internal.versions.neoforge.NeoForgeVersion/CORE]: Found NeoForge version 21.1.227
[19ápr.2026 18:41:10.630] [modloading-worker-0/DEBUG] [net.neoforged.neoforge.internal.versions.neoforge.NeoForgeVersion/CORE]: Found FML version 4.0.42
[19ápr.2026 18:41:10.631] [modloading-worker-0/INFO] [net.neoforged.neoforge.common.NeoForgeMod/NEOFORGE-MOD]: NeoForge mod loading, version 21.1.227, for MC 1.21.1
[19ápr.2026 18:41:10.647] [modloading-worker-0/DEBUG] [net.neoforged.fml.config.ConfigTracker/CONFIG]: Config file neoforge-client.toml for neoforge tracking
[19ápr.2026 18:41:10.647] [modloading-worker-0/DEBUG] [net.neoforged.fml.config.ConfigTracker/CONFIG]: Config file neoforge-server.toml for neoforge tracking
[19ápr.2026 18:41:10.647] [modloading-worker-0/DEBUG] [net.neoforged.fml.config.ConfigTracker/CONFIG]: Config file neoforge-common.toml for neoforge tracking
[19ápr.2026 18:41:10.668] [modloading-worker-0/DEBUG] [net.neoforged.fml.javafmlmod.AutomaticEventSubscriber/LOADING]: Attempting to inject @EventBusSubscriber classes into the eventbus for neoforge
[19ápr.2026 18:41:10.669] [modloading-worker-0/DEBUG] [net.neoforged.fml.javafmlmod.AutomaticEventSubscriber/LOADING]: Scanning class net.neoforged.neoforge.network.filters.GenericPacketSplitter for @SubscribeEvent-annotated methods
[19ápr.2026 18:41:10.682] [modloading-worker-0/DEBUG] [io.netty.buffer.AbstractByteBuf/]: -Dio.netty.buffer.checkAccessible: true
[19ápr.2026 18:41:10.682] [modloading-worker-0/DEBUG] [io.netty.buffer.AbstractByteBuf/]: -Dio.netty.buffer.checkBounds: true
[19ápr.2026 18:41:10.682] [modloading-worker-0/DEBUG] [io.netty.util.ResourceLeakDetectorFactory/]: Loaded default ResourceLeakDetector: io.netty.util.ResourceLeakDetector@390f7142
[19ápr.2026 18:41:10.687] [modloading-worker-0/DEBUG] [io.netty.util.internal.InternalThreadLocalMap/]: -Dio.netty.threadLocalMap.stringBuilder.initialSize: 1024
[19ápr.2026 18:41:10.687] [modloading-worker-0/DEBUG] [io.netty.util.internal.InternalThreadLocalMap/]: -Dio.netty.threadLocalMap.stringBuilder.maxSize: 4096
[19ápr.2026 18:41:10.688] [modloading-worker-0/DEBUG] [io.netty.buffer.PooledByteBufAllocator/]: -Dio.netty.allocator.numHeapArenas: 64
[19ápr.2026 18:41:10.688] [modloading-worker-0/DEBUG] [io.netty.buffer.PooledByteBufAllocator/]: -Dio.netty.allocator.numDirectArenas: 64
[19ápr.2026 18:41:10.688] [modloading-worker-0/DEBUG] [io.netty.buffer.PooledByteBufAllocator/]: -Dio.netty.allocator.pageSize: 8192
[19ápr.2026 18:41:10.688] [modloading-worker-0/DEBUG] [io.netty.buffer.PooledByteBufAllocator/]: -Dio.netty.allocator.maxOrder: 9
[19ápr.2026 18:41:10.688] [modloading-worker-0/DEBUG] [io.netty.buffer.PooledByteBufAllocator/]: -Dio.netty.allocator.chunkSize: 4194304
[19ápr.2026 18:41:10.688] [modloading-worker-0/DEBUG] [io.netty.buffer.PooledByteBufAllocator/]: -Dio.netty.allocator.smallCacheSize: 256
[19ápr.2026 18:41:10.688] [modloading-worker-0/DEBUG] [io.netty.buffer.PooledByteBufAllocator/]: -Dio.netty.allocator.normalCacheSize: 64
[19ápr.2026 18:41:10.688] [modloading-worker-0/DEBUG] [io.netty.buffer.PooledByteBufAllocator/]: -Dio.netty.allocator.maxCachedBufferCapacity: 32768
[19ápr.2026 18:41:10.688] [modloading-worker-0/DEBUG] [io.netty.buffer.PooledByteBufAllocator/]: -Dio.netty.allocator.cacheTrimInterval: 8192
[19ápr.2026 18:41:10.688] [modloading-worker-0/DEBUG] [io.netty.buffer.PooledByteBufAllocator/]: -Dio.netty.allocator.cacheTrimIntervalMillis: 0
[19ápr.2026 18:41:10.688] [modloading-worker-0/DEBUG] [io.netty.buffer.PooledByteBufAllocator/]: -Dio.netty.allocator.useCacheForAllThreads: false
[19ápr.2026 18:41:10.688] [modloading-worker-0/DEBUG] [io.netty.buffer.PooledByteBufAllocator/]: -Dio.netty.allocator.maxCachedByteBuffersPerChunk: 1023
[19ápr.2026 18:41:10.697] [modloading-worker-0/DEBUG] [io.netty.buffer.ByteBufUtil/]: -Dio.netty.allocator.type: pooled
[19ápr.2026 18:41:10.697] [modloading-worker-0/DEBUG] [io.netty.buffer.ByteBufUtil/]: -Dio.netty.threadLocalDirectBufferSize: 0
[19ápr.2026 18:41:10.697] [modloading-worker-0/DEBUG] [io.netty.buffer.ByteBufUtil/]: -Dio.netty.maxThreadLocalCharBufferSize: 16384
[19ápr.2026 18:41:10.700] [modloading-worker-0/DEBUG] [net.neoforged.fml.javafmlmod.AutomaticEventSubscriber/]: Subscribing @EventBusSubscriber class Lnet/neoforged/neoforge/network/filters/GenericPacketSplitter; to the mod event bus of mod neoforge
[19ápr.2026 18:41:10.703] [modloading-worker-0/DEBUG] [net.neoforged.fml.javafmlmod.AutomaticEventSubscriber/LOADING]: Scanning class net.neoforged.neoforge.network.NetworkInitialization for @SubscribeEvent-annotated methods
[19ápr.2026 18:41:10.703] [modloading-worker-0/DEBUG] [net.neoforged.fml.javafmlmod.AutomaticEventSubscriber/]: Subscribing @EventBusSubscriber class Lnet/neoforged/neoforge/network/NetworkInitialization; to the mod event bus of mod neoforge
[19ápr.2026 18:41:10.703] [modloading-worker-0/DEBUG] [net.neoforged.fml.javafmlmod.AutomaticEventSubscriber/LOADING]: Scanning class net.neoforged.neoforge.network.ConfigurationInitialization for @SubscribeEvent-annotated methods
[19ápr.2026 18:41:10.705] [modloading-worker-0/DEBUG] [net.neoforged.fml.javafmlmod.AutomaticEventSubscriber/]: Subscribing @EventBusSubscriber class Lnet/neoforged/neoforge/network/ConfigurationInitialization; to the mod event bus of mod neoforge
[19ápr.2026 18:41:10.705] [modloading-worker-0/DEBUG] [net.neoforged.fml.javafmlmod.AutomaticEventSubscriber/LOADING]: Scanning class net.neoforged.neoforge.common.MonsterRoomHooks for @SubscribeEvent-annotated methods
[19ápr.2026 18:41:10.705] [modloading-worker-0/DEBUG] [net.neoforged.fml.javafmlmod.AutomaticEventSubscriber/]: Subscribing @EventBusSubscriber class Lnet/neoforged/neoforge/common/MonsterRoomHooks; to the game event bus
[19ápr.2026 18:41:10.706] [modloading-worker-0/DEBUG] [net.neoforged.fml.javafmlmod.AutomaticEventSubscriber/LOADING]: Scanning class net.neoforged.neoforge.common.DeferredSpawnEggItem$CommonHandler for @SubscribeEvent-annotated methods
[19ápr.2026 18:41:10.706] [modloading-worker-0/DEBUG] [net.neoforged.fml.javafmlmod.AutomaticEventSubscriber/]: Subscribing @EventBusSubscriber class Lnet/neoforged/neoforge/common/DeferredSpawnEggItem$CommonHandler; to the mod event bus of mod neoforge
[19ápr.2026 18:41:10.706] [modloading-worker-0/DEBUG] [net.neoforged.fml.javafmlmod.AutomaticEventSubscriber/LOADING]: Scanning class net.neoforged.neoforge.attachment.AttachmentSync for @SubscribeEvent-annotated methods
[19ápr.2026 18:41:10.708] [modloading-worker-0/DEBUG] [net.neoforged.fml.javafmlmod.AutomaticEventSubscriber/]: Subscribing @EventBusSubscriber class Lnet/neoforged/neoforge/attachment/AttachmentSync; to the game event bus
[19ápr.2026 18:41:10.708] [modloading-worker-0/DEBUG] [net.neoforged.fml.javafmlmod.AutomaticEventSubscriber/LOADING]: Scanning class net.neoforged.neoforge.attachment.AttachmentInternals for @SubscribeEvent-annotated methods
[19ápr.2026 18:41:10.709] [modloading-worker-0/DEBUG] [net.neoforged.fml.javafmlmod.AutomaticEventSubscriber/]: Subscribing @EventBusSubscriber class Lnet/neoforged/neoforge/attachment/AttachmentInternals; to the game event bus
[19ápr.2026 18:41:10.785] [modloading-sync-worker/DEBUG] [net.neoforged.fml.config.ConfigTracker/CONFIG]: Loading configs type COMMON
[19ápr.2026 18:41:10.792] [modloading-sync-worker/DEBUG] [net.neoforged.neoforge.common.NeoForgeConfig/FORGEMOD]: Loaded NeoForge config file neoforge-common.toml
[19ápr.2026 18:41:10.793] [modloading-sync-worker/DEBUG] [net.neoforged.fml.config.ConfigTracker/CONFIG]: Loaded TOML config file C:\Users\Szila\Documents\susu\prog\GitHub\Kutya-Minecraft\config\neoforge-common.toml
[19ápr.2026 18:41:10.796] [modloading-sync-worker/DEBUG] [net.neoforged.fml.config.ConfigTracker/CONFIG]: Watching TOML config file C:\Users\Szila\Documents\susu\prog\GitHub\Kutya-Minecraft\config\neoforge-common.toml for changes
[19ápr.2026 18:41:10.799] [modloading-sync-worker/DEBUG] [net.neoforged.fml.DeferredWorkQueue/LOADING]: Dispatching synchronous work for work queue Common setup: 1 jobs
[19ápr.2026 18:41:10.801] [modloading-sync-worker/DEBUG] [net.neoforged.fml.DeferredWorkQueue/LOADING]: Synchronous work queue completed in 679.3 μs
[19ápr.2026 18:41:10.850] [main/INFO] [com.mojang.authlib.yggdrasil.YggdrasilAuthenticationService/]: Environment: Environment[sessionHost=https://sessionserver.mojang.com, servicesHost=https://api.minecraftservices.com, name=PROD]
[19ápr.2026 18:41:10.879] [main/WARN] [net.minecraft.server.packs.VanillaPackResourcesBuilder/]: Assets URL 'union:/C:/Users/Szila/Documents/susu/prog/GitHub/Kutya-Minecraft/libraries/net/minecraft/server/1.21.1-20240808.144430/server-1.21.1-20240808.144430-srg.jar%23117!/assets/.mcassetsroot' uses unexpected schema
[19ápr.2026 18:41:10.880] [main/WARN] [net.minecraft.server.packs.VanillaPackResourcesBuilder/]: Assets URL 'union:/C:/Users/Szila/Documents/susu/prog/GitHub/Kutya-Minecraft/libraries/net/minecraft/server/1.21.1-20240808.144430/server-1.21.1-20240808.144430-srg.jar%23117!/data/.mcassetsroot' uses unexpected schema
[19ápr.2026 18:41:11.254] [main/INFO] [net.minecraft.server.Main/]: No existing world data, creating new world
[19ápr.2026 18:41:11.618] [main/INFO] [net.minecraft.world.item.crafting.RecipeManager/]: Loaded 1290 recipes
[19ápr.2026 18:41:11.707] [main/INFO] [net.minecraft.advancements.AdvancementTree/]: Loaded 1399 advancements
[19ápr.2026 18:41:11.981] [main/DEBUG] [net.neoforged.neoforge.common.CommonHooks/WP]: Gathered mod list to write to world save world
[19ápr.2026 18:41:12.214] [Server thread/INFO] [net.minecraft.server.dedicated.DedicatedServer/]: Starting minecraft server version 1.21.1
[19ápr.2026 18:41:12.215] [Server thread/INFO] [net.minecraft.server.dedicated.DedicatedServer/]: Loading properties
[19ápr.2026 18:41:12.215] [Server thread/INFO] [net.minecraft.server.dedicated.DedicatedServer/]: Default game type: SURVIVAL
[19ápr.2026 18:41:12.215] [Server thread/INFO] [net.minecraft.server.MinecraftServer/]: Generating keypair
[19ápr.2026 18:41:12.256] [Server thread/INFO] [net.minecraft.server.dedicated.DedicatedServer/]: Starting Minecraft server on *:25565
[19ápr.2026 18:41:12.257] [Server thread/DEBUG] [net.neoforged.neoforge.network.DualStackUtils/]: Detected IPv6 address: "0:0:0:0:0:0:0:0"
[19ápr.2026 18:41:12.266] [Server thread/DEBUG] [io.netty.channel.MultithreadEventLoopGroup/]: -Dio.netty.eventLoopThreads: 64
[19ápr.2026 18:41:12.270] [Server thread/DEBUG] [io.netty.util.concurrent.GlobalEventExecutor/]: -Dio.netty.globalEventExecutor.quietPeriodSeconds: 1
[19ápr.2026 18:41:12.275] [Server thread/DEBUG] [io.netty.channel.nio.NioEventLoop/]: -Dio.netty.noKeySetOptimization: false
[19ápr.2026 18:41:12.275] [Server thread/DEBUG] [io.netty.channel.nio.NioEventLoop/]: -Dio.netty.selectorAutoRebuildThreshold: 512
[19ápr.2026 18:41:12.278] [Server thread/DEBUG] [io.netty.util.internal.PlatformDependent/]: org.jctools-core.MpscChunkedArrayQueue: available
[19ápr.2026 18:41:12.329] [Server thread/INFO] [net.minecraft.server.network.ServerConnectionListener/]: Using default channel type
[19ápr.2026 18:41:12.337] [Server thread/DEBUG] [io.netty.channel.DefaultChannelId/]: -Dio.netty.processId: 13056 (auto-detected)
[19ápr.2026 18:41:12.338] [Server thread/DEBUG] [io.netty.util.NetUtil/]: -Djava.net.preferIPv4Stack: false
[19ápr.2026 18:41:12.338] [Server thread/DEBUG] [io.netty.util.NetUtil/]: -Djava.net.preferIPv6Addresses: true
[19ápr.2026 18:41:12.340] [Server thread/DEBUG] [io.netty.util.NetUtilInitializations/]: Loopback interface: loopback_0 (Software Loopback Interface 1, 0:0:0:0:0:0:0:1)
[19ápr.2026 18:41:12.342] [Server thread/DEBUG] [io.netty.util.NetUtil/]: Failed to get SOMAXCONN from sysctl and file \proc\sys\net\core\somaxconn. Default: 200
[19ápr.2026 18:41:12.343] [Server thread/DEBUG] [io.netty.channel.DefaultChannelId/]: -Dio.netty.machineId: 10:7c:61:ff:fe:48:6e:98 (auto-detected)
[19ápr.2026 18:41:12.364] [Server thread/WARN] [net.minecraft.server.dedicated.DedicatedServer/]: **** SERVER IS RUNNING IN OFFLINE/INSECURE MODE!
[19ápr.2026 18:41:12.365] [Server thread/WARN] [net.minecraft.server.dedicated.DedicatedServer/]: The server will make no attempt to authenticate usernames. Beware.
[19ápr.2026 18:41:12.365] [Server thread/WARN] [net.minecraft.server.dedicated.DedicatedServer/]: While this makes the game possible to play without internet access, it also opens up the ability for hackers to connect with any username they choose.
[19ápr.2026 18:41:12.365] [Server thread/WARN] [net.minecraft.server.dedicated.DedicatedServer/]: To change this, set "online-mode" to "true" in the server.properties file.
[19ápr.2026 18:41:12.382] [Server thread/DEBUG] [net.neoforged.fml.config.ConfigTracker/CONFIG]: Loading configs type SERVER
[19ápr.2026 18:41:12.388] [Server thread/DEBUG] [net.neoforged.neoforge.common.NeoForgeConfig/FORGEMOD]: Loaded NeoForge config file neoforge-server.toml
[19ápr.2026 18:41:12.388] [Server thread/DEBUG] [net.neoforged.fml.config.ConfigTracker/CONFIG]: Loaded TOML config file C:\Users\Szila\Documents\susu\prog\GitHub\Kutya-Minecraft\config\neoforge-server.toml
[19ápr.2026 18:41:12.389] [Server thread/DEBUG] [net.neoforged.fml.config.ConfigTracker/CONFIG]: Watching TOML config file C:\Users\Szila\Documents\susu\prog\GitHub\Kutya-Minecraft\config\neoforge-server.toml for changes
[19ápr.2026 18:41:12.410] [Server thread/INFO] [net.minecraft.server.dedicated.DedicatedServer/]: Preparing level "world"
[19ápr.2026 18:41:13.886] [Server thread/INFO] [net.minecraft.server.MinecraftServer/]: Preparing start region for dimension minecraft:overworld
[19ápr.2026 18:41:13.905] [Worker-Main-22/INFO] [net.minecraft.server.level.progress.LoggerChunkProgressListener/]: Preparing spawn area: 2%
[19ápr.2026 18:41:14.391] [Worker-Main-7/INFO] [net.minecraft.server.level.progress.LoggerChunkProgressListener/]: Preparing spawn area: 2%
[19ápr.2026 18:41:14.896] [Worker-Main-5/INFO] [net.minecraft.server.level.progress.LoggerChunkProgressListener/]: Preparing spawn area: 51%
[19ápr.2026 18:41:15.325] [Server thread/INFO] [net.minecraft.server.level.progress.LoggerChunkProgressListener/]: Time elapsed: 1439 ms
[19ápr.2026 18:41:15.326] [Server thread/INFO] [net.minecraft.server.dedicated.DedicatedServer/]: Done (2.946s)! For help, type "help"
[19ápr.2026 18:41:15.326] [Server thread/INFO] [net.minecraft.server.dedicated.DedicatedServer/]: Starting remote control listener
[19ápr.2026 18:41:15.327] [Server thread/INFO] [net.minecraft.server.rcon.thread.GenericThread/]: Thread RCON Listener started
[19ápr.2026 18:41:15.327] [Server thread/INFO] [net.minecraft.server.rcon.thread.RconThread/]: RCON running on 0.0.0.0:25575
[19ápr.2026 18:41:15.334] [Server thread/DEBUG] [net.neoforged.neoforge.network.DualStackUtils/]: Detected IPv6 address: "0:0:0:0:0:0:0:0"
[19ápr.2026 18:41:15.356] [Server thread/DEBUG] [net.neoforged.neoforge.server.LanguageHook/]: Loaded 3 language files for en_us
[19ápr.2026 18:41:15.364] [Server thread/INFO] [net.neoforged.neoforge.server.permission.PermissionAPI/]: Successfully initialized permission handler neoforge:default_handler
[19ápr.2026 18:43:14.169] [Netty Server IO #1/DEBUG] [io.netty.util.Recycler/]: -Dio.netty.recycler.maxCapacityPerThread: 4096
[19ápr.2026 18:43:14.169] [Netty Server IO #1/DEBUG] [io.netty.util.Recycler/]: -Dio.netty.recycler.ratio: 8
[19ápr.2026 18:43:14.169] [Netty Server IO #1/DEBUG] [io.netty.util.Recycler/]: -Dio.netty.recycler.chunkSize: 32
[19ápr.2026 18:43:14.169] [Netty Server IO #1/DEBUG] [io.netty.util.Recycler/]: -Dio.netty.recycler.blocking: false
[19ápr.2026 18:43:14.169] [Netty Server IO #1/DEBUG] [io.netty.util.Recycler/]: -Dio.netty.recycler.batchFastThreadLocalOnly: true
[19ápr.2026 18:43:17.235] [Netty Server IO #2/DEBUG] [net.neoforged.neoforge.network.filters.NetworkFilters/]: Injected net.neoforged.neoforge.network.filters.GenericPacketSplitter@57ec5082 into net.minecraft.network.Connection@6c62309c
[19ápr.2026 18:43:17.899] [Netty Server IO #2/DEBUG] [net.neoforged.neoforge.network.filters.NetworkFilters/]: Injected net.neoforged.neoforge.network.filters.GenericPacketSplitter@2c16ce05 into net.minecraft.network.Connection@6c62309c
[19ápr.2026 18:43:17.931] [Server thread/INFO] [net.minecraft.server.players.PlayerList/]: Szilard0907[/[::1]:53328] logged in with entity id 14 at (16.5, 85.0, -27.5)
[19ápr.2026 18:43:17.949] [Server thread/INFO] [net.minecraft.server.MinecraftServer/]: Szilard0907 joined the game
[19ápr.2026 18:43:50.443] [Server thread/INFO] [net.minecraft.server.MinecraftServer/]: Made Szilard0907 a server operator
[19ápr.2026 18:43:54.524] [Server thread/INFO] [net.minecraft.server.MinecraftServer/]: [Szilard0907: Set own game mode to Creative Mode]
[19ápr.2026 18:44:39.705] [Server thread/INFO] [net.minecraft.server.MinecraftServer/]: [Szilard0907: Set own game mode to Survival Mode]
[19ápr.2026 18:44:40.476] [Server thread/INFO] [net.minecraft.server.MinecraftServer/]: Szilard0907 blew up
[19ápr.2026 18:44:42.092] [Server thread/WARN] [net.minecraft.server.network.ServerGamePacketListenerImpl/]: Szilard0907 moved too quickly! -124.19999998807907,25.507500597280128,-232.35330089881646
[19ápr.2026 18:44:42.101] [Server thread/WARN] [net.minecraft.server.network.ServerGamePacketListenerImpl/]: Szilard0907 moved too quickly! -124.19999998807907,25.507500597280128,-232.35330089881646
[19ápr.2026 18:44:42.111] [Server thread/WARN] [net.minecraft.server.network.ServerGamePacketListenerImpl/]: Szilard0907 moved too quickly! -124.19999998807907,25.507500597280128,-232.35330089881646
[19ápr.2026 18:44:42.115] [Server thread/WARN] [net.minecraft.server.network.ServerGamePacketListenerImpl/]: Szilard0907 moved too quickly! -124.19999998807907,25.507500597280128,-232.35330089881646
[19ápr.2026 18:44:52.569] [Server thread/INFO] [net.minecraft.server.MinecraftServer/]: Stopping the server
[19ápr.2026 18:44:52.615] [Server thread/INFO] [net.minecraft.server.MinecraftServer/]: Stopping server
[19ápr.2026 18:44:52.616] [Server thread/INFO] [net.minecraft.server.MinecraftServer/]: Saving players
[19ápr.2026 18:44:52.636] [Server thread/INFO] [net.minecraft.server.MinecraftServer/]: Saving worlds
[19ápr.2026 18:44:52.717] [Server thread/INFO] [net.minecraft.server.MinecraftServer/]: Saving chunks for level 'ServerLevel[world]'/minecraft:overworld
[19ápr.2026 18:44:52.831] [Server thread/INFO] [net.minecraft.server.MinecraftServer/]: Saving chunks for level 'ServerLevel[world]'/minecraft:the_end
[19ápr.2026 18:44:52.836] [Server thread/INFO] [net.minecraft.server.MinecraftServer/]: Saving chunks for level 'ServerLevel[world]'/minecraft:the_nether
[19ápr.2026 18:44:52.843] [Server thread/DEBUG] [net.neoforged.neoforge.common.CommonHooks/WP]: Gathered mod list to write to world save world
[19ápr.2026 18:44:52.848] [Server thread/INFO] [net.minecraft.server.MinecraftServer/]: ThreadedAnvilChunkStorage (world): All chunks are saved
[19ápr.2026 18:44:52.848] [Server thread/INFO] [net.minecraft.server.MinecraftServer/]: ThreadedAnvilChunkStorage (DIM1): All chunks are saved
[19ápr.2026 18:44:52.848] [Server thread/INFO] [net.minecraft.server.MinecraftServer/]: ThreadedAnvilChunkStorage (DIM-1): All chunks are saved
[19ápr.2026 18:44:52.849] [Server thread/INFO] [net.minecraft.server.MinecraftServer/]: ThreadedAnvilChunkStorage: All dimensions are saved
[19ápr.2026 18:44:52.875] [Server thread/DEBUG] [net.neoforged.fml.config.ConfigTracker/CONFIG]: Unloading configs type SERVER
[19ápr.2026 18:44:52.880] [Server thread/INFO] [net.minecraft.server.rcon.thread.GenericThread/]: Thread RCON Listener stopped
