[19:31:51] [ServerMain/INFO]: Environment: Environment[sessionHost=https://sessionserver.mojang.com, servicesHost=https://api.minecraftservices.com, profilesHost=https://api.mojang.com, name=PROD]
[19:31:53] [ServerMain/INFO]: Loaded 1515 recipes
[19:31:53] [ServerMain/INFO]: Loaded 1617 advancements
[19:31:53] [Server thread/INFO]: Starting minecraft server version 26.1.2
[19:31:53] [Server thread/INFO]: Loading properties
[19:31:53] [Server thread/INFO]: Default game type: SURVIVAL
[19:31:53] [Server thread/INFO]: Generating keypair
[19:31:53] [Server thread/INFO]: Starting Minecraft server on *:25565
[19:31:54] [Server thread/WARN]: **** SERVER IS RUNNING IN OFFLINE/INSECURE MODE!
[19:31:54] [Server thread/WARN]: The server will make no attempt to authenticate usernames. Beware.
[19:31:54] [Server thread/WARN]: While this makes the game possible to play without internet access, it also opens up the ability for hackers to connect with any username they choose.
[19:31:54] [Server thread/WARN]: To change this, set "online-mode" to "true" in the server.properties file.
[19:31:54] [Server thread/INFO]: Preparing level "world"
[19:31:54] [Server thread/INFO]: Loading 0 persistent chunks...
[19:31:54] [Server thread/INFO]: Preparing spawn area: 100%
[19:31:54] [Server thread/INFO]: Time elapsed: 14 ms
[19:31:54] [Server thread/INFO]: Done (0.373s)! For help, type "help"
[19:31:54] [Server thread/INFO]: Saving chunks for level 'ServerLevel[Kutya]'/minecraft:overworld
[19:31:54] [Server thread/INFO]: Saving chunks for level 'ServerLevel[Kutya]'/minecraft:the_nether
[19:31:54] [Server thread/INFO]: Saving chunks for level 'ServerLevel[Kutya]'/minecraft:the_end
[19:31:54] [Server thread/INFO]: ThreadedAnvilChunkStorage (world): All chunks are saved
[19:31:54] [Server thread/INFO]: ThreadedAnvilChunkStorage (DIM-1): All chunks are saved
[19:31:54] [Server thread/INFO]: ThreadedAnvilChunkStorage (DIM1): All chunks are saved
[19:31:54] [Server thread/INFO]: ThreadedAnvilChunkStorage: All dimensions are saved
[19:32:38] [Server thread/INFO]: FazeDankoka[/127.30.159.58:49033] logged in with entity id 63 at (-1974.0338646740072, 94.0, 12.516864070720233)
[19:32:38] [Server thread/INFO]: FazeDankoka joined the game
[19:44:35] [Server thread/WARN]: Oak Boat (vehicle of FazeDankoka) moved wrongly! 0.6286797032353206
[19:44:35] [Server thread/WARN]: Oak Boat (vehicle of FazeDankoka) moved wrongly! 0.4563418548223126
[19:44:35] [Server thread/WARN]: Oak Boat (vehicle of FazeDankoka) moved wrongly! 0.6269511354994393
[19:44:35] [Server thread/WARN]: Oak Boat (vehicle of FazeDankoka) moved wrongly! 0.4542330340304943
[19:44:35] [Server thread/WARN]: Oak Boat (vehicle of FazeDankoka) moved wrongly! 0.6252225677635579
[19:44:35] [Server thread/WARN]: Oak Boat (vehicle of FazeDankoka) moved wrongly! 0.45439534705928963
[19:51:05] [Server thread/INFO]: Szilard0907[/127.94.145.242:59341] logged in with entity id 5250 at (-2043.237500011921, 68.0, 24.050034083675875)
[19:51:05] [Server thread/INFO]: Szilard0907 joined the game
[19:54:47] [Server thread/INFO]: [Not Secure] <Szilard0907> -2556 66 359
[19:56:30] [Server thread/WARN]: Bamboo Raft (vehicle of Szilard0907) moved wrongly! 0.26564979044405845
[19:56:30] [Server thread/WARN]: Bamboo Raft (vehicle of Szilard0907) moved wrongly! 0.49861003214437005
[19:56:30] [Server thread/WARN]: Bamboo Raft (vehicle of Szilard0907) moved wrongly! 0.7325770070196995
[19:58:40] [Server thread/WARN]: Bamboo Raft (vehicle of Szilard0907) moved wrongly! 0.34458305583626725
[19:58:40] [Server thread/WARN]: Bamboo Raft (vehicle of Szilard0907) moved wrongly! 0.6234083083813289
[19:58:40] [Server thread/WARN]: Bamboo Raft (vehicle of Szilard0907) moved wrongly! 0.8991899686121201
[19:58:59] [Server thread/INFO]: Szilard0907 lost connection: Disconnected
[19:58:59] [Server thread/INFO]: Szilard0907 left the game
[20:01:06] [Server thread/INFO]: FazeDankoka lost connection: Disconnected
[20:01:06] [Server thread/INFO]: FazeDankoka left the game
[20:01:19] [Server thread/INFO]: Stopping the server
[20:01:19] [Server thread/INFO]: Stopping server
[20:01:19] [Server thread/INFO]: Saving players
[20:01:19] [Server thread/INFO]: Saving worlds
[20:01:19] [Server thread/INFO]: Saving chunks for level 'ServerLevel[Kutya]'/minecraft:overworld
[20:01:19] [Server thread/INFO]: Saving chunks for level 'ServerLevel[Kutya]'/minecraft:the_nether
[20:01:19] [Server thread/INFO]: Saving chunks for level 'ServerLevel[Kutya]'/minecraft:the_end
[20:01:19] [Server thread/INFO]: ThreadedAnvilChunkStorage (world): All chunks are saved
[20:01:19] [Server thread/INFO]: ThreadedAnvilChunkStorage (DIM-1): All chunks are saved
[20:01:19] [Server thread/INFO]: ThreadedAnvilChunkStorage (DIM1): All chunks are saved
[20:01:19] [Server thread/INFO]: ThreadedAnvilChunkStorage: All dimensions are saved
